Archive member included to satisfy reference by file (symbol)

D:/Develop/STM32CubeIDE/STM32CubeIDE/plugins/com.st.stm32cube.ide.mcu.externaltools.gnu-tools-for-stm32.13.3.rel1.win32_1.0.0.202411081344/tools/bin/../lib/gcc/arm-none-eabi/13.3.1/../../../../arm-none-eabi/lib/thumb/v8-m.main+fp/hard\libc_nano.a(libc_a-exit.o)
                              D:/Develop/STM32CubeIDE/STM32CubeIDE/plugins/com.st.stm32cube.ide.mcu.externaltools.gnu-tools-for-stm32.13.3.rel1.win32_1.0.0.202411081344/tools/bin/../lib/gcc/arm-none-eabi/13.3.1/../../../../arm-none-eabi/lib/thumb/v8-m.main+fp/hard/crt0.o (exit)
D:/Develop/STM32CubeIDE/STM32CubeIDE/plugins/com.st.stm32cube.ide.mcu.externaltools.gnu-tools-for-stm32.13.3.rel1.win32_1.0.0.202411081344/tools/bin/../lib/gcc/arm-none-eabi/13.3.1/../../../../arm-none-eabi/lib/thumb/v8-m.main+fp/hard\libc_nano.a(libc_a-findfp.o)
                              D:/Develop/STM32CubeIDE/STM32CubeIDE/plugins/com.st.stm32cube.ide.mcu.externaltools.gnu-tools-for-stm32.13.3.rel1.win32_1.0.0.202411081344/tools/bin/../lib/gcc/arm-none-eabi/13.3.1/../../../../arm-none-eabi/lib/thumb/v8-m.main+fp/hard\libc_nano.a(libc_a-exit.o) (__stdio_exit_handler)
D:/Develop/STM32CubeIDE/STM32CubeIDE/plugins/com.st.stm32cube.ide.mcu.externaltools.gnu-tools-for-stm32.13.3.rel1.win32_1.0.0.202411081344/tools/bin/../lib/gcc/arm-none-eabi/13.3.1/../../../../arm-none-eabi/lib/thumb/v8-m.main+fp/hard\libc_nano.a(libc_a-fwalk.o)
                              D:/Develop/STM32CubeIDE/STM32CubeIDE/plugins/com.st.stm32cube.ide.mcu.externaltools.gnu-tools-for-stm32.13.3.rel1.win32_1.0.0.202411081344/tools/bin/../lib/gcc/arm-none-eabi/13.3.1/../../../../arm-none-eabi/lib/thumb/v8-m.main+fp/hard\libc_nano.a(libc_a-findfp.o) (_fwalk_sglue)
D:/Develop/STM32CubeIDE/STM32CubeIDE/plugins/com.st.stm32cube.ide.mcu.externaltools.gnu-tools-for-stm32.13.3.rel1.win32_1.0.0.202411081344/tools/bin/../lib/gcc/arm-none-eabi/13.3.1/../../../../arm-none-eabi/lib/thumb/v8-m.main+fp/hard\libc_nano.a(libc_a-stdio.o)
                              D:/Develop/STM32CubeIDE/STM32CubeIDE/plugins/com.st.stm32cube.ide.mcu.externaltools.gnu-tools-for-stm32.13.3.rel1.win32_1.0.0.202411081344/tools/bin/../lib/gcc/arm-none-eabi/13.3.1/../../../../arm-none-eabi/lib/thumb/v8-m.main+fp/hard\libc_nano.a(libc_a-findfp.o) (__sread)
D:/Develop/STM32CubeIDE/STM32CubeIDE/plugins/com.st.stm32cube.ide.mcu.externaltools.gnu-tools-for-stm32.13.3.rel1.win32_1.0.0.202411081344/tools/bin/../lib/gcc/arm-none-eabi/13.3.1/../../../../arm-none-eabi/lib/thumb/v8-m.main+fp/hard\libc_nano.a(libc_a-memset.o)
                              D:/Develop/STM32CubeIDE/STM32CubeIDE/plugins/com.st.stm32cube.ide.mcu.externaltools.gnu-tools-for-stm32.13.3.rel1.win32_1.0.0.202411081344/tools/bin/../lib/gcc/arm-none-eabi/13.3.1/../../../../arm-none-eabi/lib/thumb/v8-m.main+fp/hard/crt0.o (memset)
D:/Develop/STM32CubeIDE/STM32CubeIDE/plugins/com.st.stm32cube.ide.mcu.externaltools.gnu-tools-for-stm32.13.3.rel1.win32_1.0.0.202411081344/tools/bin/../lib/gcc/arm-none-eabi/13.3.1/../../../../arm-none-eabi/lib/thumb/v8-m.main+fp/hard\libc_nano.a(libc_a-closer.o)
                              D:/Develop/STM32CubeIDE/STM32CubeIDE/plugins/com.st.stm32cube.ide.mcu.externaltools.gnu-tools-for-stm32.13.3.rel1.win32_1.0.0.202411081344/tools/bin/../lib/gcc/arm-none-eabi/13.3.1/../../../../arm-none-eabi/lib/thumb/v8-m.main+fp/hard\libc_nano.a(libc_a-stdio.o) (_close_r)
D:/Develop/STM32CubeIDE/STM32CubeIDE/plugins/com.st.stm32cube.ide.mcu.externaltools.gnu-tools-for-stm32.13.3.rel1.win32_1.0.0.202411081344/tools/bin/../lib/gcc/arm-none-eabi/13.3.1/../../../../arm-none-eabi/lib/thumb/v8-m.main+fp/hard\libc_nano.a(libc_a-reent.o)
                              D:/Develop/STM32CubeIDE/STM32CubeIDE/plugins/com.st.stm32cube.ide.mcu.externaltools.gnu-tools-for-stm32.13.3.rel1.win32_1.0.0.202411081344/tools/bin/../lib/gcc/arm-none-eabi/13.3.1/../../../../arm-none-eabi/lib/thumb/v8-m.main+fp/hard\libc_nano.a(libc_a-closer.o) (errno)
D:/Develop/STM32CubeIDE/STM32CubeIDE/plugins/com.st.stm32cube.ide.mcu.externaltools.gnu-tools-for-stm32.13.3.rel1.win32_1.0.0.202411081344/tools/bin/../lib/gcc/arm-none-eabi/13.3.1/../../../../arm-none-eabi/lib/thumb/v8-m.main+fp/hard\libc_nano.a(libc_a-impure.o)
                              D:/Develop/STM32CubeIDE/STM32CubeIDE/plugins/com.st.stm32cube.ide.mcu.externaltools.gnu-tools-for-stm32.13.3.rel1.win32_1.0.0.202411081344/tools/bin/../lib/gcc/arm-none-eabi/13.3.1/../../../../arm-none-eabi/lib/thumb/v8-m.main+fp/hard\libc_nano.a(libc_a-reent.o) (_impure_ptr)
D:/Develop/STM32CubeIDE/STM32CubeIDE/plugins/com.st.stm32cube.ide.mcu.externaltools.gnu-tools-for-stm32.13.3.rel1.win32_1.0.0.202411081344/tools/bin/../lib/gcc/arm-none-eabi/13.3.1/../../../../arm-none-eabi/lib/thumb/v8-m.main+fp/hard\libc_nano.a(libc_a-lseekr.o)
[...]
Memory Configuration

Name             Origin             Length             Attributes
RAM              0x20000000         0x00270000         xrw
SRAM4            0x28000000         0x00004000         xrw
FLASH            0x08000000         0x00400000         xr
*default*        0x00000000         0xffffffff

Linker script and memory map

LOAD D:/Develop/STM32CubeIDE/STM32CubeIDE/plugins/com.st.stm32cube.ide.mcu.externaltools.gnu-tools-for-stm32.13.3.rel1.win32_1.0.0.202411081344/tools/bin/../lib/gcc/arm-none-eabi/13.3.1/thumb/v8-m.main+fp/hard/crti.o
LOAD D:/Develop/STM32CubeIDE/STM32CubeIDE/plugins/com.st.stm32cube.ide.mcu.externaltools.gnu-tools-for-stm32.13.3.rel1.win32_1.0.0.202411081344/tools/bin/../lib/gcc/arm-none-eabi/13.3.1/thumb/v8-m.main+fp/hard/crtbegin.o
LOAD D:/Develop/STM32CubeIDE/STM32CubeIDE/plugins/com.st.stm32cube.ide.mcu.externaltools.gnu-tools-for-stm32.13.3.rel1.win32_1.0.0.202411081344/tools/bin/../lib/gcc/arm-none-eabi/13.3.1/../../../../arm-none-eabi/lib/thumb/v8-m.main+fp/hard/crt0.o
LOAD ./Core/Src/main.o
LOAD ./Core/Src/stm32u5xx_hal_msp.o
LOAD ./Core/Src/stm32u5xx_it.o
LOAD ./Core/Src/syscalls.o
LOAD ./Core/Src/sysmem.o
LOAD ./Core/Src/system_stm32u5xx.o
LOAD ./Core/Startup/startup_stm32u5a9njhxq.o
LOAD ./Drivers/STM32U5xx_HAL_Driver/Src/stm32u5xx_hal.o
LOAD ./Drivers/STM32U5xx_HAL_Driver/Src/stm32u5xx_hal_cortex.o
LOAD ./Drivers/STM32U5xx_HAL_Driver/Src/stm32u5xx_hal_dma.o
LOAD ./Drivers/STM32U5xx_HAL_Driver/Src/stm32u5xx_hal_dma_ex.o
LOAD ./Drivers/STM32U5xx_HAL_Driver/Src/stm32u5xx_hal_exti.o
LOAD ./Drivers/STM32U5xx_HAL_Driver/Src/stm32u5xx_hal_flash.o
LOAD ./Drivers/STM32U5xx_HAL_Driver/Src/stm32u5xx_hal_flash_ex.o
LOAD ./Drivers/STM32U5xx_HAL_Driver/Src/stm32u5xx_hal_gpio.o
LOAD ./Drivers/STM32U5xx_HAL_Driver/Src/stm32u5xx_hal_gtzc.o
LOAD ./Drivers/STM32U5xx_HAL_Driver/Src/stm32u5xx_hal_i2c.o
LOAD ./Drivers/STM32U5xx_HAL_Driver/Src/stm32u5xx_hal_i2c_ex.o
LOAD ./Drivers/STM32U5xx_HAL_Driver/Src/stm32u5xx_hal_icache.o
LOAD ./Drivers/STM32U5xx_HAL_Driver/Src/stm32u5xx_hal_mmc.o
LOAD ./Drivers/STM32U5xx_HAL_Driver/Src/stm32u5xx_hal_mmc_ex.o
LOAD ./Drivers/STM32U5xx_HAL_Driver/Src/stm32u5xx_hal_ospi.o
LOAD ./Drivers/STM32U5xx_HAL_Driver/Src/stm32u5xx_hal_pcd.o
LOAD ./Drivers/STM32U5xx_HAL_Driver/Src/stm32u5xx_hal_pcd_ex.o
LOAD ./Drivers/STM32U5xx_HAL_Driver/Src/stm32u5xx_hal_pwr.o
LOAD ./Drivers/STM32U5xx_HAL_Driver/Src/stm32u5xx_hal_pwr_ex.o
LOAD ./Drivers/STM32U5xx_HAL_Driver/Src/stm32u5xx_hal_rcc.o
LOAD ./Drivers/STM32U5xx_HAL_Driver/Src/stm32u5xx_hal_rcc_ex.o
LOAD ./Drivers/STM32U5xx_HAL_Driver/Src/stm32u5xx_hal_sd.o
LOAD ./Drivers/STM32U5xx_HAL_Driver/Src/stm32u5xx_hal_sd_ex.o
LOAD ./Drivers/STM32U5xx_HAL_Driver/Src/stm32u5xx_hal_sdio.o
LOAD ./Drivers/STM32U5xx_HAL_Driver/Src/stm32u5xx_hal_xspi.o
LOAD ./Drivers/STM32U5xx_HAL_Driver/Src/stm32u5xx_ll_dlyb.o
LOAD ./Drivers/STM32U5xx_HAL_Driver/Src/stm32u5xx_ll_sdmmc.o
LOAD ./Drivers/STM32U5xx_HAL_Driver/Src/stm32u5xx_ll_usb.o
START GROUP
LOAD D:/Develop/STM32CubeIDE/STM32CubeIDE/plugins/com.st.stm32cube.ide.mcu.externaltools.gnu-tools-for-stm32.13.3.rel1.win32_1.0.0.202411081344/tools/bin/../lib/gcc/arm-none-eabi/13.3.1/../../../../arm-none-eabi/lib/thumb/v8-m.main+fp/hard\libc_nano.a
LOAD D:/Develop/STM32CubeIDE/STM32CubeIDE/plugins/com.st.stm32cube.ide.mcu.externaltools.gnu-tools-for-stm32.13.3.rel1.win32_1.0.0.202411081344/tools/bin/../lib/gcc/arm-none-eabi/13.3.1/../../../../arm-none-eabi/lib/thumb/v8-m.main+fp/hard\libm.a
END GROUP
START GROUP
LOAD D:/Develop/STM32CubeIDE/STM32CubeIDE/plugins/com.st.stm32cube.ide.mcu.externaltools.gnu-tools-for-stm32.13.3.rel1.win32_1.0.0.202411081344/tools/bin/../lib/gcc/arm-none-eabi/13.3.1/thumb/v8-m.main+fp/hard\libgcc.a
LOAD D:/Develop/STM32CubeIDE/STM32CubeIDE/plugins/com.st.stm32cube.ide.mcu.externaltools.gnu-tools-for-stm32.13.3.rel1.win32_1.0.0.202411081344/tools/bin/../lib/gcc/arm-none-eabi/13.3.1/../../../../arm-none-eabi/lib/thumb/v8-m.main+fp/hard\libc_nano.a
END GROUP
START GROUP
LOAD D:/Develop/STM32CubeIDE/STM32CubeIDE/plugins/com.st.stm32cube.ide.mcu.externaltools.gnu-tools-for-stm32.13.3.rel1.win32_1.0.0.202411081344/tools/bin/../lib/gcc/arm-none-eabi/13.3.1/thumb/v8-m.main+fp/hard\libgcc.a
LOAD D:/Develop/STM32CubeIDE/STM32CubeIDE/plugins/com.st.stm32cube.ide.mcu.externaltools.gnu-tools-for-stm32.13.3.rel1.win32_1.0.0.202411081344/tools/bin/../lib/gcc/arm-none-eabi/13.3.1/../../../../arm-none-eabi/lib/thumb/v8-m.main+fp/hard\libc_nano.a
LOAD D:/Develop/STM32CubeIDE/STM32CubeIDE/plugins/com.st.stm32cube.ide.mcu.externaltools.gnu-tools-for-stm32.13.3.rel1.win32_1.0.0.202411081344/tools/bin/../lib/gcc/arm-none-eabi/13.3.1/../../../../arm-none-eabi/lib/thumb/v8-m.main+fp/hard\libnosys.a
END GROUP
START GROUP
LOAD D:/Develop/STM32CubeIDE/STM32CubeIDE/plugins/com.st.stm32cube.ide.mcu.externaltools.gnu-tools-for-stm32.13.3.rel1.win32_1.0.0.202411081344/tools/bin/../lib/gcc/arm-none-eabi/13.3.1/thumb/v8-m.main+fp/hard\libgcc.a
LOAD D:/Develop/STM32CubeIDE/STM32CubeIDE/plugins/com.st.stm32cube.ide.mcu.externaltools.gnu-tools-for-stm32.13.3.rel1.win32_1.0.0.202411081344/tools/bin/../lib/gcc/arm-none-eabi/13.3.1/../../../../arm-none-eabi/lib/thumb/v8-m.main+fp/hard\libc_nano.a
LOAD D:/Develop/STM32CubeIDE/STM32CubeIDE/plugins/com.st.stm32cube.ide.mcu.externaltools.gnu-tools-for-stm32.13.3.rel1.win32_1.0.0.202411081344/tools/bin/../lib/gcc/arm-none-eabi/13.3.1/../../../../arm-none-eabi/lib/thumb/v8-m.main+fp/hard\libnosys.a
END GROUP
LOAD D:/Develop/STM32CubeIDE/STM32CubeIDE/plugins/com.st.stm32cube.ide.mcu.externaltools.gnu-tools-for-stm32.13.3.rel1.win32_1.0.0.202411081344/tools/bin/../lib/gcc/arm-none-eabi/13.3.1/thumb/v8-m.main+fp/hard/crtend.o
LOAD D:/Develop/STM32CubeIDE/STM32CubeIDE/plugins/com.st.stm32cube.ide.mcu.externaltools.gnu-tools-for-stm32.13.3.rel1.win32_1.0.0.202411081344/tools/bin/../lib/gcc/arm-none-eabi/13.3.1/thumb/v8-m.main+fp/hard/crtn.o
                0x20270000                        _estack = (ORIGIN (RAM) + LENGTH (RAM))
                0x00002000                        _Min_Heap_Size = 0x2000
                0x00004000                        _Min_Stack_Size = 0x4000

.isr_vector     0x08000000      0x26c
 *(.isr_vector)
 .isr_vector    0x08000000      0x26c ./Core/Startup/startup_stm32u5a9njhxq.o
                0x08000000                g_pfnVectors

.text           0x0800026c     0xab50
 *(.text)
 .text          0x0800026c       0x40 D:/Develop/STM32CubeIDE/STM32CubeIDE/plugins/com.st.stm32cube.ide.mcu.externaltools.gnu-tools-for-stm32.13.3.rel1.win32_1.0.0.202411081344/tools/bin/../lib/gcc/arm-none-eabi/13.3.1/thumb/v8-m.main+fp/hard/crtbegin.o
 *(.text*)
 .text.main     0x080002ac       0x34 ./Core/Src/main.o
                0x080002ac                main
 .text.SystemClock_Config
                0x080002e0       0xbc ./Core/Src/main.o
                0x080002e0                SystemClock_Config
 .text.SystemPower_Config
                0x0800039c       0x1c ./Core/Src/main.o
 .text.MX_HSPI1_Init
                0x080003b8       0x7c ./Core/Src/main.o
 .text.MX_I2C3_Init
                0x08000434       0x80 ./Core/Src/main.o
 .text.MX_I2C5_Init
                0x080004b4       0x80 ./Core/Src/main.o
 .text.MX_ICACHE_Init
                0x08000534       0x26 ./Core/Src/main.o
 *fill*         0x0800055a        0x2 
 .text.MX_OCTOSPI1_Init
                0x0800055c       0xf0 ./Core/Src/main.o
 .text.MX_SDMMC1_MMC_Init
                0x0800064c       0x48 ./Core/Src/main.o
 .text.MX_USB_OTG_HS_PCD_Init
                0x08000694       0x5c ./Core/Src/main.o
 .text.MX_GPIO_Init
                0x080006f0      0x250 ./Core/Src/main.o
 .text.Error_Handler
                0x08000940        0xc ./Core/Src/main.o
                0x08000940                Error_Handler
 .text.HAL_MspInit
                0x0800094c       0x34 ./Core/Src/stm32u5xx_hal_msp.o
                0x0800094c                HAL_MspInit
 .text.HAL_XSPI_MspInit
                0x08000980      0x1b0 ./Core/Src/stm32u5xx_hal_msp.o
                0x08000980                HAL_XSPI_MspInit
 .text.HAL_I2C_MspInit
                0x08000b30      0x1b8 ./Core/Src/stm32u5xx_hal_msp.o
                0x08000b30                HAL_I2C_MspInit
 .text.HAL_OSPI_MspInit
                0x08000ce8      0x234 ./Core/Src/stm32u5xx_hal_msp.o
                0x08000ce8                HAL_OSPI_MspInit
 .text.HAL_MMC_MspInit
                0x08000f1c      0x1b4 ./Core/Src/stm32u5xx_hal_msp.o
                0x08000f1c                HAL_MMC_MspInit
 .text.HAL_PCD_MspInit
                0x080010d0      0x1c4 ./Core/Src/stm32u5xx_hal_msp.o
                0x080010d0                HAL_PCD_MspInit
 .text.NMI_Handler
                0x08001294        0x8 ./Core/Src/stm32u5xx_it.o
                0x08001294                NMI_Handler
 .text.HardFault_Handler
                0x0800129c        0x8 ./Core/Src/stm32u5xx_it.o
                0x0800129c                HardFault_Handler
 .text.MemManage_Handler
                0x080012a4        0x8 ./Core/Src/stm32u5xx_it.o
                0x080012a4                MemManage_Handler
 .text.BusFault_Handler
                0x080012ac        0x8 ./Core/Src/stm32u5xx_it.o
                0x080012ac                BusFault_Handler
 .text.UsageFault_Handler
                0x080012b4        0x8 ./Core/Src/stm32u5xx_it.o
                0x080012b4                UsageFault_Handler
 .text.SVC_Handler
                0x080012bc        0xe ./Core/Src/stm32u5xx_it.o
                0x080012bc                SVC_Handler
 .text.DebugMon_Handler
                0x080012ca        0xe ./Core/Src/stm32u5xx_it.o
                0x080012ca                DebugMon_Handler
 .text.PendSV_Handler
                0x080012d8        0xe ./Core/Src/stm32u5xx_it.o
                0x080012d8                PendSV_Handler
 .text.SysTick_Handler
                0x080012e6        0xc ./Core/Src/stm32u5xx_it.o
                0x080012e6                SysTick_Handler
 *fill*         0x080012f2        0x2 
 .text.OTG_HS_IRQHandler
                0x080012f4       0x14 ./Core/Src/stm32u5xx_it.o
                0x080012f4                OTG_HS_IRQHandler
 .text.SystemInit
                0x08001308       0x70 ./Core/Src/system_stm32u5xx.o
                0x08001308                SystemInit
 .text.Reset_Handler
                0x08001378       0x50 ./Core/Startup/startup_stm32u5a9njhxq.o
                0x08001378                Reset_Handler
 .text.Default_Handler
                0x080013c8        0x2 ./Core/Startup/startup_stm32u5a9njhxq.o
                0x080013c8                EXTI2_IRQHandler
                0x080013c8                TIM8_TRG_COM_IRQHandler
                0x080013c8                TIM8_CC_IRQHandler
                0x080013c8                EXTI5_IRQHandler
                0x080013c8                FLASH_S_IRQHandler
                0x080013c8                EXTI13_IRQHandler
                0x080013c8                DCACHE2_IRQHandler
                0x080013c8                TIM1_CC_IRQHandler
                0x080013c8                TSC_IRQHandler
                0x080013c8                TAMP_IRQHandler
                0x080013c8                TIM6_IRQHandler
                0x080013c8                EXTI12_IRQHandler
                0x080013c8                CORDIC_IRQHandler
                0x080013c8                EXTI3_IRQHandler
                0x080013c8                LPTIM4_IRQHandler
                0x080013c8                GPDMA1_Channel5_IRQHandler
                0x080013c8                EXTI8_IRQHandler
                0x080013c8                LPTIM2_IRQHandler
                0x080013c8                GFXMMU_IRQHandler
                0x080013c8                I2C3_ER_IRQHandler
                0x080013c8                I2C5_EV_IRQHandler
                0x080013c8                PWR_S3WU_IRQHandler
                0x080013c8                MDF1_FLT2_IRQHandler
                0x080013c8                LPDMA1_Channel3_IRQHandler
                0x080013c8                LPTIM3_IRQHandler
                0x080013c8                EXTI0_IRQHandler
                0x080013c8                I2C2_EV_IRQHandler
                0x080013c8                GPU2D_IRQHandler
                0x080013c8                FPU_IRQHandler
                0x080013c8                GPDMA1_Channel3_IRQHandler
                0x080013c8                GPDMA1_Channel7_IRQHandler
                0x080013c8                MDF1_FLT4_IRQHandler
                0x080013c8                FDCAN1_IT1_IRQHandler
                0x080013c8                RAMCFG_IRQHandler
                0x080013c8                LTDC_ER_IRQHandler
                0x080013c8                ADC1_2_IRQHandler
                0x080013c8                GPDMA1_Channel9_IRQHandler
                0x080013c8                DCACHE1_IRQHandler
                0x080013c8                SPI1_IRQHandler
                0x080013c8                OCTOSPI1_IRQHandler
                0x080013c8                GPDMA1_Channel2_IRQHandler
                0x080013c8                TIM8_UP_IRQHandler
                0x080013c8                RCC_S_IRQHandler
                0x080013c8                OCTOSPI2_IRQHandler
                0x080013c8                SAI2_IRQHandler
                0x080013c8                MDF1_FLT1_IRQHandler
                0x080013c8                PKA_IRQHandler
                0x080013c8                USART6_IRQHandler
                0x080013c8                MDF1_FLT5_IRQHandler
                0x080013c8                EXTI15_IRQHandler
                0x080013c8                TIM17_IRQHandler
                0x080013c8                USART3_IRQHandler
                0x080013c8                RTC_IRQHandler
                0x080013c8                EXTI9_IRQHandler
                0x080013c8                HSPI1_IRQHandler
                0x080013c8                UART5_IRQHandler
                0x080013c8                TIM4_IRQHandler
                0x080013c8                I2C1_EV_IRQHandler
                0x080013c8                GPDMA1_Channel12_IRQHandler
                0x080013c8                GPDMA1_Channel1_IRQHandler
                0x080013c8                TIM16_IRQHandler
                0x080013c8                GPDMA1_Channel15_IRQHandler
                0x080013c8                UART4_IRQHandler
                0x080013c8                SecureFault_Handler
                0x080013c8                TIM3_IRQHandler
                0x080013c8                RCC_IRQHandler
                0x080013c8                TIM1_TRG_COM_IRQHandler
                0x080013c8                Default_Handler
                0x080013c8                GPDMA1_Channel8_IRQHandler
                0x080013c8                FMAC_IRQHandler
                0x080013c8                I2C5_ER_IRQHandler
                0x080013c8                OTFDEC1_IRQHandler
                0x080013c8                GPDMA1_Channel11_IRQHandler
                0x080013c8                GPU2D_ER_IRQHandler
                0x080013c8                TIM7_IRQHandler
                0x080013c8                SDMMC1_IRQHandler
                0x080013c8                SAES_IRQHandler
                0x080013c8                TIM5_IRQHandler
                0x080013c8                UCPD1_IRQHandler
                0x080013c8                GPDMA1_Channel0_IRQHandler
                0x080013c8                TIM15_IRQHandler
                0x080013c8                I2C3_EV_IRQHandler
                0x080013c8                LPDMA1_Channel0_IRQHandler
                0x080013c8                LTDC_IRQHandler
                0x080013c8                PVD_PVM_IRQHandler
                0x080013c8                SPI2_IRQHandler
                0x080013c8                LPDMA1_Channel1_IRQHandler
                0x080013c8                EXTI14_IRQHandler
                0x080013c8                EXTI11_IRQHandler
                0x080013c8                OTFDEC2_IRQHandler
                0x080013c8                CRS_IRQHandler
                0x080013c8                GPDMA1_Channel14_IRQHandler
                0x080013c8                LSECSSD_IRQHandler
                0x080013c8                EXTI4_IRQHandler
                0x080013c8                RTC_S_IRQHandler
                0x080013c8                GPDMA1_Channel13_IRQHandler
                0x080013c8                RNG_IRQHandler
                0x080013c8                COMP_IRQHandler
                0x080013c8                DSI_IRQHandler
                0x080013c8                TIM1_UP_IRQHandler
                0x080013c8                ADC4_IRQHandler
                0x080013c8                WWDG_IRQHandler
                0x080013c8                I2C4_EV_IRQHandler
                0x080013c8                ADF1_IRQHandler
                0x080013c8                IWDG_IRQHandler
                0x080013c8                I2C6_ER_IRQHandler
                0x080013c8                LPUART1_IRQHandler
                0x080013c8                MDF1_FLT0_IRQHandler
                0x080013c8                FDCAN1_IT0_IRQHandler
                0x080013c8                TIM2_IRQHandler
                0x080013c8                GPDMA1_Channel4_IRQHandler
                0x080013c8                EXTI7_IRQHandler
                0x080013c8                DMA2D_IRQHandler
                0x080013c8                TIM1_BRK_IRQHandler
                0x080013c8                EXTI1_IRQHandler
                0x080013c8                SDMMC2_IRQHandler
                0x080013c8                AES_IRQHandler
                0x080013c8                DAC1_IRQHandler
                0x080013c8                GTZC_IRQHandler
                0x080013c8                MDF1_FLT3_IRQHandler
                0x080013c8                USART2_IRQHandler
                0x080013c8                I2C6_EV_IRQHandler
                0x080013c8                GPDMA1_Channel6_IRQHandler
                0x080013c8                I2C2_ER_IRQHandler
                0x080013c8                TIM8_BRK_IRQHandler
                0x080013c8                FLASH_IRQHandler
                0x080013c8                USART1_IRQHandler
                0x080013c8                EXTI10_IRQHandler
                0x080013c8                SPI3_IRQHandler
                0x080013c8                LPDMA1_Channel2_IRQHandler
                0x080013c8                I2C1_ER_IRQHandler
                0x080013c8                FMC_IRQHandler
                0x080013c8                EXTI6_IRQHandler
                0x080013c8                LPTIM1_IRQHandler
                0x080013c8                DCMI_PSSI_IRQHandler
                0x080013c8                I2C4_ER_IRQHandler
                0x080013c8                GPDMA1_Channel10_IRQHandler
                0x080013c8                ICACHE_IRQHandler
                0x080013c8                SAI1_IRQHandler
                0x080013c8                HASH_IRQHandler
 *fill*         0x080013ca        0x2 
 .text.HAL_Init
                0x080013cc       0x60 ./Drivers/STM32U5xx_HAL_Driver/Src/stm32u5xx_hal.o
                0x080013cc                HAL_Init
 .text.HAL_InitTick
                0x0800142c       0xec ./Drivers/STM32U5xx_HAL_Driver/Src/stm32u5xx_hal.o
                0x0800142c                HAL_InitTick
 .text.HAL_IncTick
                0x08001518       0x28 ./Drivers/STM32U5xx_HAL_Driver/Src/stm32u5xx_hal.o
                0x08001518                HAL_IncTick
 .text.HAL_GetTick
                0x08001540       0x18 ./Drivers/STM32U5xx_HAL_Driver/Src/stm32u5xx_hal.o
                0x08001540                HAL_GetTick
 .text.HAL_Delay
                0x08001558       0x48 ./Drivers/STM32U5xx_HAL_Driver/Src/stm32u5xx_hal.o
                0x08001558                HAL_Delay
 .text.HAL_SYSCFG_EnableOTGPHY
                0x080015a0       0x28 ./Drivers/STM32U5xx_HAL_Driver/Src/stm32u5xx_hal.o
                0x080015a0                HAL_SYSCFG_EnableOTGPHY
 .text.HAL_SYSCFG_SetOTGPHYReferenceClockSelection
                0x080015c8       0x28 ./Drivers/STM32U5xx_HAL_Driver/Src/stm32u5xx_hal.o
                0x080015c8                HAL_SYSCFG_SetOTGPHYReferenceClockSelection
 .text.__NVIC_SetPriorityGrouping
                0x080015f0       0x48 ./Drivers/STM32U5xx_HAL_Driver/Src/stm32u5xx_hal_cortex.o
 .text.__NVIC_GetPriorityGrouping
                0x08001638       0x1c ./Drivers/STM32U5xx_HAL_Driver/Src/stm32u5xx_hal_cortex.o
 .text.__NVIC_EnableIRQ
                0x08001654       0x3c ./Drivers/STM32U5xx_HAL_Driver/Src/stm32u5xx_hal_cortex.o
 .text.__NVIC_SetPriority
                0x08001690       0x54 ./Drivers/STM32U5xx_HAL_Driver/Src/stm32u5xx_hal_cortex.o
 .text.NVIC_EncodePriority
                0x080016e4       0x66 ./Drivers/STM32U5xx_HAL_Driver/Src/stm32u5xx_hal_cortex.o
 .text.HAL_NVIC_SetPriorityGrouping
                0x0800174a       0x16 ./Drivers/STM32U5xx_HAL_Driver/Src/stm32u5xx_hal_cortex.o
                0x0800174a                HAL_NVIC_SetPriorityGrouping
 .text.HAL_NVIC_SetPriority
                0x08001760       0x34 ./Drivers/STM32U5xx_HAL_Driver/Src/stm32u5xx_hal_cortex.o
                0x08001760                HAL_NVIC_SetPriority
 .text.HAL_NVIC_EnableIRQ
                0x08001794       0x1c ./Drivers/STM32U5xx_HAL_Driver/Src/stm32u5xx_hal_cortex.o
                0x08001794                HAL_NVIC_EnableIRQ
 .text.HAL_SYSTICK_Config
                0x080017b0       0x44 ./Drivers/STM32U5xx_HAL_Driver/Src/stm32u5xx_hal_cortex.o
                0x080017b0                HAL_SYSTICK_Config
 .text.HAL_SYSTICK_CLKSourceConfig
                0x080017f4       0xb0 ./Drivers/STM32U5xx_HAL_Driver/Src/stm32u5xx_hal_cortex.o
                0x080017f4                HAL_SYSTICK_CLKSourceConfig
 .text.HAL_SYSTICK_GetCLKSourceConfig
                0x080018a4       0x74 ./Drivers/STM32U5xx_HAL_Driver/Src/stm32u5xx_hal_cortex.o
                0x080018a4                HAL_SYSTICK_GetCLKSourceConfig
 .text.HAL_DMA_Abort
                0x08001918       0xf8 ./Drivers/STM32U5xx_HAL_Driver/Src/stm32u5xx_hal_dma.o
                0x08001918                HAL_DMA_Abort
 .text.HAL_GPIO_Init
                0x08001a10      0x3b0 ./Drivers/STM32U5xx_HAL_Driver/Src/stm32u5xx_hal_gpio.o
                0x08001a10                HAL_GPIO_Init
 .text.HAL_GPIO_WritePin
                0x08001dc0       0x30 ./Drivers/STM32U5xx_HAL_Driver/Src/stm32u5xx_hal_gpio.o
                0x08001dc0                HAL_GPIO_WritePin
 .text.HAL_I2C_Init
                0x08001df0      0x136 ./Drivers/STM32U5xx_HAL_Driver/Src/stm32u5xx_hal_i2c.o
                0x08001df0                HAL_I2C_Init
 .text.HAL_I2CEx_ConfigAnalogFilter
                0x08001f26       0x96 ./Drivers/STM32U5xx_HAL_Driver/Src/stm32u5xx_hal_i2c_ex.o
                0x08001f26                HAL_I2CEx_ConfigAnalogFilter
 .text.HAL_I2CEx_ConfigDigitalFilter
                0x08001fbc       0x98 ./Drivers/STM32U5xx_HAL_Driver/Src/stm32u5xx_hal_i2c_ex.o
                0x08001fbc                HAL_I2CEx_ConfigDigitalFilter
 .text.HAL_ICACHE_ConfigAssociativityMode
                0x08002054       0x40 ./Drivers/STM32U5xx_HAL_Driver/Src/stm32u5xx_hal_icache.o
                0x08002054                HAL_ICACHE_ConfigAssociativityMode
 .text.HAL_ICACHE_Enable
                0x08002094       0x20 ./Drivers/STM32U5xx_HAL_Driver/Src/stm32u5xx_hal_icache.o
                0x08002094                HAL_ICACHE_Enable
 .text.HAL_MMC_Init
                0x080020b4       0x7e ./Drivers/STM32U5xx_HAL_Driver/Src/stm32u5xx_hal_mmc.o
                0x080020b4                HAL_MMC_Init
 *fill*         0x08002132        0x2 
 .text.HAL_MMC_InitCard
                0x08002134      0x138 ./Drivers/STM32U5xx_HAL_Driver/Src/stm32u5xx_hal_mmc.o
                0x08002134                HAL_MMC_InitCard
 .text.HAL_MMC_GetCardCSD
                0x0800226c      0x348 ./Drivers/STM32U5xx_HAL_Driver/Src/stm32u5xx_hal_mmc.o
                0x0800226c                HAL_MMC_GetCardCSD
 .text.HAL_MMC_GetCardExtCSD
                0x080025b4      0x1f8 ./Drivers/STM32U5xx_HAL_Driver/Src/stm32u5xx_hal_mmc.o
                0x080025b4                HAL_MMC_GetCardExtCSD
 .text.HAL_MMC_ConfigWideBusOperation
                0x080027ac      0x198 ./Drivers/STM32U5xx_HAL_Driver/Src/stm32u5xx_hal_mmc.o
                0x080027ac                HAL_MMC_ConfigWideBusOperation
 .text.MMC_InitCard
                0x08002944      0x1fa ./Drivers/STM32U5xx_HAL_Driver/Src/stm32u5xx_hal_mmc.o
 *fill*         0x08002b3e        0x2 
 .text.MMC_PowerON
                0x08002b40       0xa0 ./Drivers/STM32U5xx_HAL_Driver/Src/stm32u5xx_hal_mmc.o
 .text.MMC_ReadExtCSD
                0x08002be0      0x1e8 ./Drivers/STM32U5xx_HAL_Driver/Src/stm32u5xx_hal_mmc.o
 .text.MMC_PwrClassUpdate
                0x08002dc8      0x140 ./Drivers/STM32U5xx_HAL_Driver/Src/stm32u5xx_hal_mmc.o
 .text.LL_DLYB_Enable
                0x08002f08       0x20 ./Drivers/STM32U5xx_HAL_Driver/Src/stm32u5xx_hal_ospi.o
 .text.HAL_OSPI_Init
                0x08002f28      0x178 ./Drivers/STM32U5xx_HAL_Driver/Src/stm32u5xx_hal_ospi.o
                0x08002f28                HAL_OSPI_Init
 .text.HAL_OSPI_Abort
                0x080030a0       0xea ./Drivers/STM32U5xx_HAL_Driver/Src/stm32u5xx_hal_ospi.o
                0x080030a0                HAL_OSPI_Abort
 .text.HAL_OSPI_SetTimeout
                0x0800318a       0x1e ./Drivers/STM32U5xx_HAL_Driver/Src/stm32u5xx_hal_ospi.o
                0x0800318a                HAL_OSPI_SetTimeout
 .text.HAL_OSPIM_Config
                0x080031a8      0x9ec ./Drivers/STM32U5xx_HAL_Driver/Src/stm32u5xx_hal_ospi.o
                0x080031a8                HAL_OSPIM_Config
 .text.OSPI_WaitFlagStateUntilTimeout
                0x08003b94       0x7e ./Drivers/STM32U5xx_HAL_Driver/Src/stm32u5xx_hal_ospi.o
 *fill*         0x08003c12        0x2 
 .text.OSPIM_GetConfig
                0x08003c14      0x174 ./Drivers/STM32U5xx_HAL_Driver/Src/stm32u5xx_hal_ospi.o
 .text.HAL_OSPI_DLYB_SetConfig
                0x08003d88       0x90 ./Drivers/STM32U5xx_HAL_Driver/Src/stm32u5xx_hal_ospi.o
                0x08003d88                HAL_OSPI_DLYB_SetConfig
 .text.HAL_PCD_Init
                0x08003e18      0x218 ./Drivers/STM32U5xx_HAL_Driver/Src/stm32u5xx_hal_pcd.o
                0x08003e18                HAL_PCD_Init
 .text.HAL_PCD_IRQHandler
                0x08004030      0x99c ./Drivers/STM32U5xx_HAL_Driver/Src/stm32u5xx_hal_pcd.o
                0x08004030                HAL_PCD_IRQHandler
 .text.HAL_PCD_DataOutStageCallback
                0x080049cc       0x18 ./Drivers/STM32U5xx_HAL_Driver/Src/stm32u5xx_hal_pcd.o
                0x080049cc                HAL_PCD_DataOutStageCallback
 .text.HAL_PCD_DataInStageCallback
                0x080049e4       0x18 ./Drivers/STM32U5xx_HAL_Driver/Src/stm32u5xx_hal_pcd.o
                0x080049e4                HAL_PCD_DataInStageCallback
 .text.HAL_PCD_SetupStageCallback
                0x080049fc       0x14 ./Drivers/STM32U5xx_HAL_Driver/Src/stm32u5xx_hal_pcd.o
                0x080049fc                HAL_PCD_SetupStageCallback
 .text.HAL_PCD_SOFCallback
                0x08004a10       0x14 ./Drivers/STM32U5xx_HAL_Driver/Src/stm32u5xx_hal_pcd.o
                0x08004a10                HAL_PCD_SOFCallback
 .text.HAL_PCD_ResetCallback
                0x08004a24       0x14 ./Drivers/STM32U5xx_HAL_Driver/Src/stm32u5xx_hal_pcd.o
                0x08004a24                HAL_PCD_ResetCallback
 .text.HAL_PCD_SuspendCallback
                0x08004a38       0x14 ./Drivers/STM32U5xx_HAL_Driver/Src/stm32u5xx_hal_pcd.o
                0x08004a38                HAL_PCD_SuspendCallback
 .text.HAL_PCD_ResumeCallback
                0x08004a4c       0x14 ./Drivers/STM32U5xx_HAL_Driver/Src/stm32u5xx_hal_pcd.o
                0x08004a4c                HAL_PCD_ResumeCallback
 .text.HAL_PCD_ISOOUTIncompleteCallback
                0x08004a60       0x18 ./Drivers/STM32U5xx_HAL_Driver/Src/stm32u5xx_hal_pcd.o
                0x08004a60                HAL_PCD_ISOOUTIncompleteCallback
 .text.HAL_PCD_ISOINIncompleteCallback
                0x08004a78       0x18 ./Drivers/STM32U5xx_HAL_Driver/Src/stm32u5xx_hal_pcd.o
                0x08004a78                HAL_PCD_ISOINIncompleteCallback
 .text.HAL_PCD_ConnectCallback
                0x08004a90       0x14 ./Drivers/STM32U5xx_HAL_Driver/Src/stm32u5xx_hal_pcd.o
                0x08004a90                HAL_PCD_ConnectCallback
 .text.HAL_PCD_DisconnectCallback
                0x08004aa4       0x14 ./Drivers/STM32U5xx_HAL_Driver/Src/stm32u5xx_hal_pcd.o
                0x08004aa4                HAL_PCD_DisconnectCallback
 .text.HAL_PCD_EP_Abort
                0x08004ab8       0x62 ./Drivers/STM32U5xx_HAL_Driver/Src/stm32u5xx_hal_pcd.o
                0x08004ab8                HAL_PCD_EP_Abort
 .text.PCD_WriteEmptyTxFifo
                0x08004b1a      0x118 ./Drivers/STM32U5xx_HAL_Driver/Src/stm32u5xx_hal_pcd.o
 *fill*         0x08004c32        0x2 
 .text.PCD_EP_OutXfrComplete_int
                0x08004c34      0x1d0 ./Drivers/STM32U5xx_HAL_Driver/Src/stm32u5xx_hal_pcd.o
 .text.PCD_EP_OutSetupPacket_int
                0x08004e04       0x8c ./Drivers/STM32U5xx_HAL_Driver/Src/stm32u5xx_hal_pcd.o
 .text.HAL_PCDEx_ActivateLPM
                0x08004e90       0x48 ./Drivers/STM32U5xx_HAL_Driver/Src/stm32u5xx_hal_pcd_ex.o
                0x08004e90                HAL_PCDEx_ActivateLPM
 .text.HAL_PCDEx_LPM_Callback
                0x08004ed8       0x18 ./Drivers/STM32U5xx_HAL_Driver/Src/stm32u5xx_hal_pcd_ex.o
                0x08004ed8                HAL_PCDEx_LPM_Callback
 .text.HAL_PWREx_ControlVoltageScaling
                0x08004ef0       0xfc ./Drivers/STM32U5xx_HAL_Driver/Src/stm32u5xx_hal_pwr_ex.o
                0x08004ef0                HAL_PWREx_ControlVoltageScaling
 .text.HAL_PWREx_GetVoltageRange
                0x08004fec       0x1c ./Drivers/STM32U5xx_HAL_Driver/Src/stm32u5xx_hal_pwr_ex.o
                0x08004fec                HAL_PWREx_GetVoltageRange
 .text.HAL_PWREx_ConfigSupply
                0x08005008       0xa0 ./Drivers/STM32U5xx_HAL_Driver/Src/stm32u5xx_hal_pwr_ex.o
                0x08005008                HAL_PWREx_ConfigSupply
 .text.HAL_PWREx_EnableVddUSB
                0x080050a8       0x20 ./Drivers/STM32U5xx_HAL_Driver/Src/stm32u5xx_hal_pwr_ex.o
                0x080050a8                HAL_PWREx_EnableVddUSB
 .text.HAL_PWREx_EnableUSBHSTranceiverSupply
                0x080050c8       0x3c ./Drivers/STM32U5xx_HAL_Driver/Src/stm32u5xx_hal_pwr_ex.o
                0x080050c8                HAL_PWREx_EnableUSBHSTranceiverSupply
 .text.HAL_PWREx_DisableUCPDDeadBattery
                0x08005104       0x20 ./Drivers/STM32U5xx_HAL_Driver/Src/stm32u5xx_hal_pwr_ex.o
                0x08005104                HAL_PWREx_DisableUCPDDeadBattery
 .text.HAL_RCC_OscConfig
                0x08005124      0xdb8 ./Drivers/STM32U5xx_HAL_Driver/Src/stm32u5xx_hal_rcc.o
                0x08005124                HAL_RCC_OscConfig
 .text.HAL_RCC_ClockConfig
                0x08005edc      0x3e4 ./Drivers/STM32U5xx_HAL_Driver/Src/stm32u5xx_hal_rcc.o
                0x08005edc                HAL_RCC_ClockConfig
 .text.HAL_RCC_GetSysClockFreq
                0x080062c0      0x204 ./Drivers/STM32U5xx_HAL_Driver/Src/stm32u5xx_hal_rcc.o
                0x080062c0                HAL_RCC_GetSysClockFreq
 .text.HAL_RCC_GetHCLKFreq
                0x080064c4       0x34 ./Drivers/STM32U5xx_HAL_Driver/Src/stm32u5xx_hal_rcc.o
                0x080064c4                HAL_RCC_GetHCLKFreq
 .text.HAL_RCC_GetPCLK1Freq
                0x080064f8       0x28 ./Drivers/STM32U5xx_HAL_Driver/Src/stm32u5xx_hal_rcc.o
                0x080064f8                HAL_RCC_GetPCLK1Freq
 .text.HAL_RCC_GetPCLK2Freq
                0x08006520       0x28 ./Drivers/STM32U5xx_HAL_Driver/Src/stm32u5xx_hal_rcc.o
                0x08006520                HAL_RCC_GetPCLK2Freq
 .text.HAL_RCC_GetPCLK3Freq
                0x08006548       0x28 ./Drivers/STM32U5xx_HAL_Driver/Src/stm32u5xx_hal_rcc.o
                0x08006548                HAL_RCC_GetPCLK3Freq
 .text.RCC_SetFlashLatencyFromMSIRange
                0x08006570      0x10c ./Drivers/STM32U5xx_HAL_Driver/Src/stm32u5xx_hal_rcc.o
 .text.HAL_RCCEx_PeriphCLKConfig
                0x0800667c      0xe70 ./Drivers/STM32U5xx_HAL_Driver/Src/stm32u5xx_hal_rcc_ex.o
                0x0800667c                HAL_RCCEx_PeriphCLKConfig
 .text.HAL_RCCEx_GetPLL1ClockFreq
                0x080074ec      0x2b4 ./Drivers/STM32U5xx_HAL_Driver/Src/stm32u5xx_hal_rcc_ex.o
                0x080074ec                HAL_RCCEx_GetPLL1ClockFreq
 .text.HAL_RCCEx_GetPLL2ClockFreq
                0x080077a0      0x2b4 ./Drivers/STM32U5xx_HAL_Driver/Src/stm32u5xx_hal_rcc_ex.o
                0x080077a0                HAL_RCCEx_GetPLL2ClockFreq
 .text.HAL_RCCEx_GetPLL3ClockFreq
                0x08007a54      0x2b4 ./Drivers/STM32U5xx_HAL_Driver/Src/stm32u5xx_hal_rcc_ex.o
                0x08007a54                HAL_RCCEx_GetPLL3ClockFreq
 .text.HAL_RCCEx_GetPeriphCLKFreq
                0x08007d08     0x170c ./Drivers/STM32U5xx_HAL_Driver/Src/stm32u5xx_hal_rcc_ex.o
                0x08007d08                HAL_RCCEx_GetPeriphCLKFreq
 .text.RCCEx_PLL2_Config
                0x08009414      0x130 ./Drivers/STM32U5xx_HAL_Driver/Src/stm32u5xx_hal_rcc_ex.o
 .text.RCCEx_PLL3_Config
                0x08009544      0x130 ./Drivers/STM32U5xx_HAL_Driver/Src/stm32u5xx_hal_rcc_ex.o
 .text.HAL_XSPI_Init
                0x08009674      0x298 ./Drivers/STM32U5xx_HAL_Driver/Src/stm32u5xx_hal_xspi.o
                0x08009674                HAL_XSPI_Init
 .text.HAL_XSPI_SetTimeout
                0x0800990c       0x1e ./Drivers/STM32U5xx_HAL_Driver/Src/stm32u5xx_hal_xspi.o
                0x0800990c                HAL_XSPI_SetTimeout
 .text.XSPI_WaitFlagStateUntilTimeout
                0x0800992a       0x6c ./Drivers/STM32U5xx_HAL_Driver/Src/stm32u5xx_hal_xspi.o
 .text.LL_DLYB_SetDelay
                0x08009996       0x3e ./Drivers/STM32U5xx_HAL_Driver/Src/stm32u5xx_ll_dlyb.o
                0x08009996                LL_DLYB_SetDelay
 .text.SDMMC_Init
                0x080099d4       0x54 ./Drivers/STM32U5xx_HAL_Driver/Src/stm32u5xx_ll_sdmmc.o
                0x080099d4                SDMMC_Init
 .text.SDMMC_ReadFIFO
                0x08009a28       0x1a ./Drivers/STM32U5xx_HAL_Driver/Src/stm32u5xx_ll_sdmmc.o
                0x08009a28                SDMMC_ReadFIFO
 .text.SDMMC_PowerState_ON
                0x08009a42       0x22 ./Drivers/STM32U5xx_HAL_Driver/Src/stm32u5xx_ll_sdmmc.o
                0x08009a42                SDMMC_PowerState_ON
 .text.SDMMC_GetPowerState
                0x08009a64       0x1c ./Drivers/STM32U5xx_HAL_Driver/Src/stm32u5xx_ll_sdmmc.o
                0x08009a64                SDMMC_GetPowerState
 .text.SDMMC_SendCommand
                0x08009a80       0x54 ./Drivers/STM32U5xx_HAL_Driver/Src/stm32u5xx_ll_sdmmc.o
                0x08009a80                SDMMC_SendCommand
 .text.SDMMC_GetCommandResponse
                0x08009ad4       0x1a ./Drivers/STM32U5xx_HAL_Driver/Src/stm32u5xx_ll_sdmmc.o
                0x08009ad4                SDMMC_GetCommandResponse
 .text.SDMMC_GetResponse
                0x08009aee       0x26 ./Drivers/STM32U5xx_HAL_Driver/Src/stm32u5xx_ll_sdmmc.o
                0x08009aee                SDMMC_GetResponse
 .text.SDMMC_ConfigData
                0x08009b14       0x58 ./Drivers/STM32U5xx_HAL_Driver/Src/stm32u5xx_ll_sdmmc.o
                0x08009b14                SDMMC_ConfigData
 .text.SDMMC_CmdBlockLength
                0x08009b6c       0x46 ./Drivers/STM32U5xx_HAL_Driver/Src/stm32u5xx_ll_sdmmc.o
                0x08009b6c                SDMMC_CmdBlockLength
 .text.SDMMC_CmdSelDesel
                0x08009bb2       0x46 ./Drivers/STM32U5xx_HAL_Driver/Src/stm32u5xx_ll_sdmmc.o
                0x08009bb2                SDMMC_CmdSelDesel
 .text.SDMMC_CmdGoIdleState
                0x08009bf8       0x3c ./Drivers/STM32U5xx_HAL_Driver/Src/stm32u5xx_ll_sdmmc.o
                0x08009bf8                SDMMC_CmdGoIdleState
 .text.SDMMC_CmdSendCID
                0x08009c34       0x3e ./Drivers/STM32U5xx_HAL_Driver/Src/stm32u5xx_ll_sdmmc.o
                0x08009c34                SDMMC_CmdSendCID
 .text.SDMMC_CmdSendCSD
                0x08009c72       0x40 ./Drivers/STM32U5xx_HAL_Driver/Src/stm32u5xx_ll_sdmmc.o
                0x08009c72                SDMMC_CmdSendCSD
 .text.SDMMC_CmdSetRelAddMmc
                0x08009cb2       0x4a ./Drivers/STM32U5xx_HAL_Driver/Src/stm32u5xx_ll_sdmmc.o
                0x08009cb2                SDMMC_CmdSetRelAddMmc
 .text.SDMMC_CmdSendStatus
                0x08009cfc       0x46 ./Drivers/STM32U5xx_HAL_Driver/Src/stm32u5xx_ll_sdmmc.o
                0x08009cfc                SDMMC_CmdSendStatus
 .text.SDMMC_CmdOpCondition
                0x08009d42       0x40 ./Drivers/STM32U5xx_HAL_Driver/Src/stm32u5xx_ll_sdmmc.o
                0x08009d42                SDMMC_CmdOpCondition
 .text.SDMMC_CmdSwitch
                0x08009d82       0x46 ./Drivers/STM32U5xx_HAL_Driver/Src/stm32u5xx_ll_sdmmc.o
                0x08009d82                SDMMC_CmdSwitch
 .text.SDMMC_CmdSendEXTCSD
                0x08009dc8       0x46 ./Drivers/STM32U5xx_HAL_Driver/Src/stm32u5xx_ll_sdmmc.o
                0x08009dc8                SDMMC_CmdSendEXTCSD
 *fill*         0x08009e0e        0x2 
 .text.SDMMC_GetCmdResp1
                0x08009e10      0x1e4 ./Drivers/STM32U5xx_HAL_Driver/Src/stm32u5xx_ll_sdmmc.o
                0x08009e10                SDMMC_GetCmdResp1
 .text.SDMMC_GetCmdResp2
                0x08009ff4       0x94 ./Drivers/STM32U5xx_HAL_Driver/Src/stm32u5xx_ll_sdmmc.o
                0x08009ff4                SDMMC_GetCmdResp2
 .text.SDMMC_GetCmdResp3
                0x0800a088       0x80 ./Drivers/STM32U5xx_HAL_Driver/Src/stm32u5xx_ll_sdmmc.o
                0x0800a088                SDMMC_GetCmdResp3
 .text.SDMMC_GetCmdError
                0x0800a108       0x5c ./Drivers/STM32U5xx_HAL_Driver/Src/stm32u5xx_ll_sdmmc.o
 .text.USB_CoreInit
                0x0800a164       0x5e ./Drivers/STM32U5xx_HAL_Driver/Src/stm32u5xx_ll_usb.o
                0x0800a164                USB_CoreInit
 *fill*         0x0800a1c2        0x2 
 .text.USB_SetTurnaroundTime
                0x0800a1c4      0x144 ./Drivers/STM32U5xx_HAL_Driver/Src/stm32u5xx_ll_usb.o
                0x0800a1c4                USB_SetTurnaroundTime
 .text.USB_DisableGlobalInt
                0x0800a308       0x22 ./Drivers/STM32U5xx_HAL_Driver/Src/stm32u5xx_ll_usb.o
                0x0800a308                USB_DisableGlobalInt
 .text.USB_SetCurrentMode
                0x0800a32a       0x98 ./Drivers/STM32U5xx_HAL_Driver/Src/stm32u5xx_ll_usb.o
                0x0800a32a                USB_SetCurrentMode
 *fill*         0x0800a3c2        0x2 
 .text.USB_DevInit
                0x0800a3c4      0x2e0 ./Drivers/STM32U5xx_HAL_Driver/Src/stm32u5xx_ll_usb.o
                0x0800a3c4                USB_DevInit
 .text.USB_FlushTxFifo
                0x0800a6a4       0x64 ./Drivers/STM32U5xx_HAL_Driver/Src/stm32u5xx_ll_usb.o
                0x0800a6a4                USB_FlushTxFifo
 .text.USB_FlushRxFifo
                0x0800a708       0x5c ./Drivers/STM32U5xx_HAL_Driver/Src/stm32u5xx_ll_usb.o
                0x0800a708                USB_FlushRxFifo
 .text.USB_SetDevSpeed
                0x0800a764       0x32 ./Drivers/STM32U5xx_HAL_Driver/Src/stm32u5xx_ll_usb.o
                0x0800a764                USB_SetDevSpeed
 .text.USB_GetDevSpeed
                0x0800a796       0x4a ./Drivers/STM32U5xx_HAL_Driver/Src/stm32u5xx_ll_usb.o
                0x0800a796                USB_GetDevSpeed
 .text.USB_EPStopXfer
                0x0800a7e0      0x154 ./Drivers/STM32U5xx_HAL_Driver/Src/stm32u5xx_ll_usb.o
                0x0800a7e0                USB_EPStopXfer
 .text.USB_WritePacket
                0x0800a934       0x7c ./Drivers/STM32U5xx_HAL_Driver/Src/stm32u5xx_ll_usb.o
                0x0800a934                USB_WritePacket
 .text.USB_ReadPacket
                0x0800a9b0       0xb0 ./Drivers/STM32U5xx_HAL_Driver/Src/stm32u5xx_ll_usb.o
                0x0800a9b0                USB_ReadPacket
 .text.USB_DevDisconnect
                0x0800aa60       0x42 ./Drivers/STM32U5xx_HAL_Driver/Src/stm32u5xx_ll_usb.o
                0x0800aa60                USB_DevDisconnect
 .text.USB_ReadInterrupts
                0x0800aaa2       0x26 ./Drivers/STM32U5xx_HAL_Driver/Src/stm32u5xx_ll_usb.o
                0x0800aaa2                USB_ReadInterrupts
 .text.USB_ReadDevAllOutEpInterrupt
                0x0800aac8       0x34 ./Drivers/STM32U5xx_HAL_Driver/Src/stm32u5xx_ll_usb.o
                0x0800aac8                USB_ReadDevAllOutEpInterrupt
 .text.USB_ReadDevAllInEpInterrupt
                0x0800aafc       0x34 ./Drivers/STM32U5xx_HAL_Driver/Src/stm32u5xx_ll_usb.o
                0x0800aafc                USB_ReadDevAllInEpInterrupt
 .text.USB_ReadDevOutEPInterrupt
                0x0800ab30       0x3c ./Drivers/STM32U5xx_HAL_Driver/Src/stm32u5xx_ll_usb.o
                0x0800ab30                USB_ReadDevOutEPInterrupt
 .text.USB_ReadDevInEPInterrupt
                0x0800ab6c       0x5c ./Drivers/STM32U5xx_HAL_Driver/Src/stm32u5xx_ll_usb.o
                0x0800ab6c                USB_ReadDevInEPInterrupt
 .text.USB_GetMode
                0x0800abc8       0x1c ./Drivers/STM32U5xx_HAL_Driver/Src/stm32u5xx_ll_usb.o
                0x0800abc8                USB_GetMode
 .text.USB_ActivateSetup
                0x0800abe4       0x46 ./Drivers/STM32U5xx_HAL_Driver/Src/stm32u5xx_ll_usb.o
                0x0800abe4                USB_ActivateSetup
 *fill*         0x0800ac2a        0x2 
 .text.USB_EP0_OutStart
                0x0800ac2c       0xbc ./Drivers/STM32U5xx_HAL_Driver/Src/stm32u5xx_ll_usb.o
                0x0800ac2c                USB_EP0_OutStart
 .text.USB_CoreReset
                0x0800ace8       0x62 ./Drivers/STM32U5xx_HAL_Driver/Src/stm32u5xx_ll_usb.o
 .text.memset   0x0800ad4a       0x10 D:/Develop/STM32CubeIDE/STM32CubeIDE/plugins/com.st.stm32cube.ide.mcu.externaltools.gnu-tools-for-stm32.13.3.rel1.win32_1.0.0.202411081344/tools/bin/../lib/gcc/arm-none-eabi/13.3.1/../../../../arm-none-eabi/lib/thumb/v8-m.main+fp/hard\libc_nano.a(libc_a-memset.o)
                0x0800ad4a                memset
 *fill*         0x0800ad5a        0x2 
 .text.__libc_init_array
                0x0800ad5c       0x48 D:/Develop/STM32CubeIDE/STM32CubeIDE/plugins/com.st.stm32cube.ide.mcu.externaltools.gnu-tools-for-stm32.13.3.rel1.win32_1.0.0.202411081344/tools/bin/../lib/gcc/arm-none-eabi/13.3.1/../../../../arm-none-eabi/lib/thumb/v8-m.main+fp/hard\libc_nano.a(libc_a-init.o)
                0x0800ad5c                __libc_init_array
 *(.glue_7)
 .glue_7        0x0800ada4        0x0 linker stubs
 *(.glue_7t)
 .glue_7t       0x0800ada4        0x0 linker stubs
 *(.eh_frame)
 .eh_frame      0x0800ada4        0x0 D:/Develop/STM32CubeIDE/STM32CubeIDE/plugins/com.st.stm32cube.ide.mcu.externaltools.gnu-tools-for-stm32.13.3.rel1.win32_1.0.0.202411081344/tools/bin/../lib/gcc/arm-none-eabi/13.3.1/thumb/v8-m.main+fp/hard/crtbegin.o
 *(.init)
 .init          0x0800ada4        0x4 D:/Develop/STM32CubeIDE/STM32CubeIDE/plugins/com.st.stm32cube.ide.mcu.externaltools.gnu-tools-for-stm32.13.3.rel1.win32_1.0.0.202411081344/tools/bin/../lib/gcc/arm-none-eabi/13.3.1/thumb/v8-m.main+fp/hard/crti.o
                0x0800ada4                _init
 .init          0x0800ada8        0x8 D:/Develop/STM32CubeIDE/STM32CubeIDE/plugins/com.st.stm32cube.ide.mcu.externaltools.gnu-tools-for-stm32.13.3.rel1.win32_1.0.0.202411081344/tools/bin/../lib/gcc/arm-none-eabi/13.3.1/thumb/v8-m.main+fp/hard/crtn.o
 *(.fini)
 .fini          0x0800adb0        0x4 D:/Develop/STM32CubeIDE/STM32CubeIDE/plugins/com.st.stm32cube.ide.mcu.externaltools.gnu-tools-for-stm32.13.3.rel1.win32_1.0.0.202411081344/tools/bin/../lib/gcc/arm-none-eabi/13.3.1/thumb/v8-m.main+fp/hard/crti.o
                0x0800adb0                _fini
 .fini          0x0800adb4        0x8 D:/Develop/STM32CubeIDE/STM32CubeIDE/plugins/com.st.stm32cube.ide.mcu.externaltools.gnu-tools-for-stm32.13.3.rel1.win32_1.0.0.202411081344/tools/bin/../lib/gcc/arm-none-eabi/13.3.1/thumb/v8-m.main+fp/hard/crtn.o
                0x0800adbc                        _etext = .

.vfp11_veneer   0x0800adbc        0x0
 .vfp11_veneer  0x0800adbc        0x0 linker stubs

.v4_bx          0x0800adbc        0x0
 .v4_bx         0x0800adbc        0x0 linker stubs

.iplt           0x0800adbc        0x0
 .iplt          0x0800adbc        0x0 D:/Develop/STM32CubeIDE/STM32CubeIDE/plugins/com.st.stm32cube.ide.mcu.externaltools.gnu-tools-for-stm32.13.3.rel1.win32_1.0.0.202411081344/tools/bin/../lib/gcc/arm-none-eabi/13.3.1/thumb/v8-m.main+fp/hard/crtbegin.o

.rodata         0x0800adbc       0xd8
 *(.rodata)
 *(.rodata*)
 .rodata.AHBPrescTable
                0x0800adbc       0x10 ./Core/Src/system_stm32u5xx.o
                0x0800adbc                AHBPrescTable
 .rodata.APBPrescTable
                0x0800adcc        0x8 ./Core/Src/system_stm32u5xx.o
                0x0800adcc                APBPrescTable
 .rodata.MSIRangeTable
                0x0800add4       0x40 ./Core/Src/system_stm32u5xx.o
                0x0800add4                MSIRangeTable
 .rodata.LPGPIO_Map
                0x0800ae14       0x80 ./Drivers/STM32U5xx_HAL_Driver/Src/stm32u5xx_hal_gpio.o

.ARM.extab
 *(.ARM.extab* .gnu.linkonce.armextab.*)

.ARM            0x0800ae94        0x0
                0x0800ae94                        __exidx_start = .
 *(.ARM.exidx*)
                0x0800ae94                        __exidx_end = .

.preinit_array  0x0800ae94        0x0
                0x0800ae94                        PROVIDE (__preinit_array_start = .)
 *(.preinit_array*)
                0x0800ae94                        PROVIDE (__preinit_array_end = .)

.init_array     0x0800ae94        0x4
                0x0800ae94                        PROVIDE (__init_array_start = .)
 *(SORT_BY_NAME(.init_array.*))
 *(.init_array*)
 .init_array    0x0800ae94        0x4 D:/Develop/STM32CubeIDE/STM32CubeIDE/plugins/com.st.stm32cube.ide.mcu.externaltools.gnu-tools-for-stm32.13.3.rel1.win32_1.0.0.202411081344/tools/bin/../lib/gcc/arm-none-eabi/13.3.1/thumb/v8-m.main+fp/hard/crtbegin.o
                0x0800ae98                        PROVIDE (__init_array_end = .)

.fini_array     0x0800ae98        0x4
                [!provide]                        PROVIDE (__fini_array_start = .)
 *(SORT_BY_NAME(.fini_array.*))
 *(.fini_array*)
 .fini_array    0x0800ae98        0x4 D:/Develop/STM32CubeIDE/STM32CubeIDE/plugins/com.st.stm32cube.ide.mcu.externaltools.gnu-tools-for-stm32.13.3.rel1.win32_1.0.0.202411081344/tools/bin/../lib/gcc/arm-none-eabi/13.3.1/thumb/v8-m.main+fp/hard/crtbegin.o
                [!provide]                        PROVIDE (__fini_array_end = .)
                0x0800ae9c                        _sidata = LOADADDR (.data)

.rel.dyn        0x0800ae9c        0x0
 .rel.iplt      0x0800ae9c        0x0 D:/Develop/STM32CubeIDE/STM32CubeIDE/plugins/com.st.stm32cube.ide.mcu.externaltools.gnu-tools-for-stm32.13.3.rel1.win32_1.0.0.202411081344/tools/bin/../lib/gcc/arm-none-eabi/13.3.1/thumb/v8-m.main+fp/hard/crtbegin.o

.data           0x20000000        0x9 load address 0x0800ae9c
                0x20000000                        _sdata = .
 *(.data)
 *(.data*)
 .data.SystemCoreClock
                0x20000000        0x4 ./Core/Src/system_stm32u5xx.o
                0x20000000                SystemCoreClock
 .data.uwTickPrio
                0x20000004        0x4 ./Drivers/STM32U5xx_HAL_Driver/Src/stm32u5xx_hal.o
                0x20000004                uwTickPrio
 .data.uwTickFreq
                0x20000008        0x1 ./Drivers/STM32U5xx_HAL_Driver/Src/stm32u5xx_hal.o
                0x20000008                uwTickFreq
 *(.RamFunc)
 *(.RamFunc*)
                0x20000009                        _edata = .

.igot.plt       0x2000000c        0x0 load address 0x0800aea5
 .igot.plt      0x2000000c        0x0 D:/Develop/STM32CubeIDE/STM32CubeIDE/plugins/com.st.stm32cube.ide.mcu.externaltools.gnu-tools-for-stm32.13.3.rel1.win32_1.0.0.202411081344/tools/bin/../lib/gcc/arm-none-eabi/13.3.1/thumb/v8-m.main+fp/hard/crtbegin.o

.bss            0x2000000c      0x8e0 load address 0x0800aea5
                0x2000000c                        _sbss = .
                0x2000000c                        __bss_start__ = _sbss
 *(.bss)
 .bss           0x2000000c       0x1c D:/Develop/STM32CubeIDE/STM32CubeIDE/plugins/com.st.stm32cube.ide.mcu.externaltools.gnu-tools-for-stm32.13.3.rel1.win32_1.0.0.202411081344/tools/bin/../lib/gcc/arm-none-eabi/13.3.1/thumb/v8-m.main+fp/hard/crtbegin.o
 *(.bss*)
 .bss.hxspi1    0x20000028       0x60 ./Core/Src/main.o
                0x20000028                hxspi1
 .bss.hi2c3     0x20000088       0x54 ./Core/Src/main.o
                0x20000088                hi2c3
 .bss.hi2c5     0x200000dc       0x54 ./Core/Src/main.o
                0x200000dc                hi2c5
 .bss.hospi1    0x20000130       0x5c ./Core/Src/main.o
                0x20000130                hospi1
 .bss.hmmc1     0x2000018c      0x278 ./Core/Src/main.o
                0x2000018c                hmmc1
 .bss.hpcd_USB_OTG_HS
                0x20000404      0x4e4 ./Core/Src/main.o
                0x20000404                hpcd_USB_OTG_HS
 .bss.uwTick    0x200008e8        0x4 ./Drivers/STM32U5xx_HAL_Driver/Src/stm32u5xx_hal.o
                0x200008e8                uwTick
 *(COMMON)
                0x200008ec                        _ebss = .
                0x200008ec                        __bss_end__ = _ebss

._user_heap_stack
                0x200008ec     0x6004 load address 0x0800aea5
                0x200008f0                        . = ALIGN (0x8)
 *fill*         0x200008ec        0x4 
                [!provide]                        PROVIDE (end = .)
                0x200008f0                        PROVIDE (_end = .)
                0x200028f0                        . = (. + _Min_Heap_Size)
 *fill*         0x200008f0     0x2000 
                0x200068f0                        . = (. + _Min_Stack_Size)
 *fill*         0x200028f0     0x4000 
                0x200068f0                        . = ALIGN (0x8)

/DISCARD/
 libc.a(*)
 libm.a(*)
 libgcc.a(*)

.ARM.attributes
                0x00000000       0x36
 *(.ARM.attributes)
 .ARM.attributes
                0x00000000       0x26 D:/Develop/STM32CubeIDE/STM32CubeIDE/plugins/com.st.stm32cube.ide.mcu.externaltools.gnu-tools-for-stm32.13.3.rel1.win32_1.0.0.202411081344/tools/bin/../lib/gcc/arm-none-eabi/13.3.1/thumb/v8-m.main+fp/hard/crti.o
 .ARM.attributes
                0x00000026       0x38 D:/Develop/STM32CubeIDE/STM32CubeIDE/plugins/com.st.stm32cube.ide.mcu.externaltools.gnu-tools-for-stm32.13.3.rel1.win32_1.0.0.202411081344/tools/bin/../lib/gcc/arm-none-eabi/13.3.1/thumb/v8-m.main+fp/hard/crtbegin.o
 .ARM.attributes
                0x0000005e       0x3a ./Core/Src/main.o
 .ARM.attributes
                0x00000098       0x3a ./Core/Src/stm32u5xx_hal_msp.o
 .ARM.attributes
                0x000000d2       0x3a ./Core/Src/stm32u5xx_it.o
 .ARM.attributes
                0x0000010c       0x3a ./Core/Src/system_stm32u5xx.o
 .ARM.attributes
                0x00000146       0x24 ./Core/Startup/startup_stm32u5a9njhxq.o
 .ARM.attributes
                0x0000016a       0x3a ./Drivers/STM32U5xx_HAL_Driver/Src/stm32u5xx_hal.o
 .ARM.attributes
                0x000001a4       0x3a ./Drivers/STM32U5xx_HAL_Driver/Src/stm32u5xx_hal_cortex.o
 .ARM.attributes
                0x000001de       0x3a ./Drivers/STM32U5xx_HAL_Driver/Src/stm32u5xx_hal_dma.o
 .ARM.attributes
                0x00000218       0x3a ./Drivers/STM32U5xx_HAL_Driver/Src/stm32u5xx_hal_gpio.o
 .ARM.attributes
                0x00000252       0x3a ./Drivers/STM32U5xx_HAL_Driver/Src/stm32u5xx_hal_i2c.o
 .ARM.attributes
                0x0000028c       0x3a ./Drivers/STM32U5xx_HAL_Driver/Src/stm32u5xx_hal_i2c_ex.o
 .ARM.attributes
                0x000002c6       0x3a ./Drivers/STM32U5xx_HAL_Driver/Src/stm32u5xx_hal_icache.o
 .ARM.attributes
                0x00000300       0x3a ./Drivers/STM32U5xx_HAL_Driver/Src/stm32u5xx_hal_mmc.o
 .ARM.attributes
                0x0000033a       0x3a ./Drivers/STM32U5xx_HAL_Driver/Src/stm32u5xx_hal_ospi.o
 .ARM.attributes
                0x00000374       0x3a ./Drivers/STM32U5xx_HAL_Driver/Src/stm32u5xx_hal_pcd.o
 .ARM.attributes
                0x000003ae       0x3a ./Drivers/STM32U5xx_HAL_Driver/Src/stm32u5xx_hal_pcd_ex.o
 .ARM.attributes
                0x000003e8       0x3a ./Drivers/STM32U5xx_HAL_Driver/Src/stm32u5xx_hal_pwr_ex.o
 .ARM.attributes
                0x00000422       0x3a ./Drivers/STM32U5xx_HAL_Driver/Src/stm32u5xx_hal_rcc.o
 .ARM.attributes
                0x0000045c       0x3a ./Drivers/STM32U5xx_HAL_Driver/Src/stm32u5xx_hal_rcc_ex.o
 .ARM.attributes
                0x00000496       0x3a ./Drivers/STM32U5xx_HAL_Driver/Src/stm32u5xx_hal_xspi.o
 .ARM.attributes
                0x000004d0       0x3a ./Drivers/STM32U5xx_HAL_Driver/Src/stm32u5xx_ll_dlyb.o
 .ARM.attributes
                0x0000050a       0x3a ./Drivers/STM32U5xx_HAL_Driver/Src/stm32u5xx_ll_sdmmc.o
 .ARM.attributes
                0x00000544       0x3a ./Drivers/STM32U5xx_HAL_Driver/Src/stm32u5xx_ll_usb.o
 .ARM.attributes
                0x0000057e       0x38 D:/Develop/STM32CubeIDE/STM32CubeIDE/plugins/com.st.stm32cube.ide.mcu.externaltools.gnu-tools-for-stm32.13.3.rel1.win32_1.0.0.202411081344/tools/bin/../lib/gcc/arm-none-eabi/13.3.1/../../../../arm-none-eabi/lib/thumb/v8-m.main+fp/hard\libc_nano.a(libc_a-memset.o)
 .ARM.attributes
                0x000005b6       0x38 D:/Develop/STM32CubeIDE/STM32CubeIDE/plugins/com.st.stm32cube.ide.mcu.externaltools.gnu-tools-for-stm32.13.3.rel1.win32_1.0.0.202411081344/tools/bin/../lib/gcc/arm-none-eabi/13.3.1/../../../../arm-none-eabi/lib/thumb/v8-m.main+fp/hard\libc_nano.a(libc_a-init.o)
 .ARM.attributes
                0x000005ee       0x26 D:/Develop/STM32CubeIDE/STM32CubeIDE/plugins/com.st.stm32cube.ide.mcu.externaltools.gnu-tools-for-stm32.13.3.rel1.win32_1.0.0.202411081344/tools/bin/../lib/gcc/arm-none-eabi/13.3.1/thumb/v8-m.main+fp/hard/crtn.o
OUTPUT(USB_OTG_Test.elf elf32-littlearm)
LOAD linker stubs
LOAD D:/Develop/STM32CubeIDE/STM32CubeIDE/plugins/com.st.stm32cube.ide.mcu.externaltools.gnu-tools-for-stm32.13.3.rel1.win32_1.0.0.202411081344/tools/bin/../lib/gcc/arm-none-eabi/13.3.1/../../../../arm-none-eabi/lib/thumb/v8-m.main+fp/hard\libc.a
LOAD D:/Develop/STM32CubeIDE/STM32CubeIDE/plugins/com.st.stm32cube.ide.mcu.externaltools.gnu-tools-for-stm32.13.3.rel1.win32_1.0.0.202411081344/tools/bin/../lib/gcc/arm-none-eabi/13.3.1/../../../../arm-none-eabi/lib/thumb/v8-m.main+fp/hard\libm.a
LOAD D:/Develop/STM32CubeIDE/STM32CubeIDE/plugins/com.st.stm32cube.ide.mcu.externaltools.gnu-tools-for-stm32.13.3.rel1.win32_1.0.0.202411081344/tools/bin/../lib/gcc/arm-none-eabi/13.3.1/thumb/v8-m.main+fp/hard\libgcc.a

.debug_info     0x00000000    0x1b34f
 .debug_info    0x00000000     0x2343 ./Core/Src/main.o
 .debug_info    0x00002343     0x289a ./Core/Src/stm32u5xx_hal_msp.o
 .debug_info    0x00004bdd      0x6be ./Core/Src/stm32u5xx_it.o
 .debug_info    0x0000529b      0x929 ./Core/Src/system_stm32u5xx.o
 .debug_info    0x00005bc4       0x30 ./Core/Startup/startup_stm32u5a9njhxq.o
 .debug_info    0x00005bf4     0x1497 ./Drivers/STM32U5xx_HAL_Driver/Src/stm32u5xx_hal.o
 .debug_info    0x0000708b     0x16a6 ./Drivers/STM32U5xx_HAL_Driver/Src/stm32u5xx_hal_cortex.o
 .debug_info    0x00008731      0xadc ./Drivers/STM32U5xx_HAL_Driver/Src/stm32u5xx_hal_dma.o
 .debug_info    0x0000920d      0x859 ./Drivers/STM32U5xx_HAL_Driver/Src/stm32u5xx_hal_gpio.o
 .debug_info    0x00009a66     0x232e ./Drivers/STM32U5xx_HAL_Driver/Src/stm32u5xx_hal_i2c.o
 .debug_info    0x0000bd94      0x9ff ./Drivers/STM32U5xx_HAL_Driver/Src/stm32u5xx_hal_i2c_ex.o
 .debug_info    0x0000c793      0x4d6 ./Drivers/STM32U5xx_HAL_Driver/Src/stm32u5xx_hal_icache.o
 .debug_info    0x0000cc69     0x2248 ./Drivers/STM32U5xx_HAL_Driver/Src/stm32u5xx_hal_mmc.o
 .debug_info    0x0000eeb1     0x1ca7 ./Drivers/STM32U5xx_HAL_Driver/Src/stm32u5xx_hal_ospi.o
 .debug_info    0x00010b58     0x153b ./Drivers/STM32U5xx_HAL_Driver/Src/stm32u5xx_hal_pcd.o
 .debug_info    0x00012093      0x8bd ./Drivers/STM32U5xx_HAL_Driver/Src/stm32u5xx_hal_pcd_ex.o
 .debug_info    0x00012950      0xf0c ./Drivers/STM32U5xx_HAL_Driver/Src/stm32u5xx_hal_pwr_ex.o
 .debug_info    0x0001385c     0x12b0 ./Drivers/STM32U5xx_HAL_Driver/Src/stm32u5xx_hal_rcc.o
 .debug_info    0x00014b0c     0x162c ./Drivers/STM32U5xx_HAL_Driver/Src/stm32u5xx_hal_rcc_ex.o
 .debug_info    0x00016138     0x1ea9 ./Drivers/STM32U5xx_HAL_Driver/Src/stm32u5xx_hal_xspi.o
 .debug_info    0x00017fe1      0x228 ./Drivers/STM32U5xx_HAL_Driver/Src/stm32u5xx_ll_dlyb.o
 .debug_info    0x00018209     0x16a4 ./Drivers/STM32U5xx_HAL_Driver/Src/stm32u5xx_ll_sdmmc.o
 .debug_info    0x000198ad     0x1aa2 ./Drivers/STM32U5xx_HAL_Driver/Src/stm32u5xx_ll_usb.o

.debug_abbrev   0x00000000     0x3457
 .debug_abbrev  0x00000000      0x316 ./Core/Src/main.o
 .debug_abbrev  0x00000316      0x2a3 ./Core/Src/stm32u5xx_hal_msp.o
 .debug_abbrev  0x000005b9      0x1a4 ./Core/Src/stm32u5xx_it.o
 .debug_abbrev  0x0000075d      0x129 ./Core/Src/system_stm32u5xx.o
 .debug_abbrev  0x00000886       0x24 ./Core/Startup/startup_stm32u5a9njhxq.o
 .debug_abbrev  0x000008aa      0x2a4 ./Drivers/STM32U5xx_HAL_Driver/Src/stm32u5xx_hal.o
 .debug_abbrev  0x00000b4e      0x311 ./Drivers/STM32U5xx_HAL_Driver/Src/stm32u5xx_hal_cortex.o
 .debug_abbrev  0x00000e5f      0x1ff ./Drivers/STM32U5xx_HAL_Driver/Src/stm32u5xx_hal_dma.o
 .debug_abbrev  0x0000105e      0x25a ./Drivers/STM32U5xx_HAL_Driver/Src/stm32u5xx_hal_gpio.o
 .debug_abbrev  0x000012b8      0x271 ./Drivers/STM32U5xx_HAL_Driver/Src/stm32u5xx_hal_i2c.o
 .debug_abbrev  0x00001529      0x1c0 ./Drivers/STM32U5xx_HAL_Driver/Src/stm32u5xx_hal_i2c_ex.o
 .debug_abbrev  0x000016e9      0x228 ./Drivers/STM32U5xx_HAL_Driver/Src/stm32u5xx_hal_icache.o
 .debug_abbrev  0x00001911      0x2c2 ./Drivers/STM32U5xx_HAL_Driver/Src/stm32u5xx_hal_mmc.o
 .debug_abbrev  0x00001bd3      0x314 ./Drivers/STM32U5xx_HAL_Driver/Src/stm32u5xx_hal_ospi.o
 .debug_abbrev  0x00001ee7      0x2bc ./Drivers/STM32U5xx_HAL_Driver/Src/stm32u5xx_hal_pcd.o
 .debug_abbrev  0x000021a3      0x25a ./Drivers/STM32U5xx_HAL_Driver/Src/stm32u5xx_hal_pcd_ex.o
 .debug_abbrev  0x000023fd      0x243 ./Drivers/STM32U5xx_HAL_Driver/Src/stm32u5xx_hal_pwr_ex.o
 .debug_abbrev  0x00002640      0x2cb ./Drivers/STM32U5xx_HAL_Driver/Src/stm32u5xx_hal_rcc.o
 .debug_abbrev  0x0000290b      0x23d ./Drivers/STM32U5xx_HAL_Driver/Src/stm32u5xx_hal_rcc_ex.o
 .debug_abbrev  0x00002b48      0x302 ./Drivers/STM32U5xx_HAL_Driver/Src/stm32u5xx_hal_xspi.o
 .debug_abbrev  0x00002e4a      0x169 ./Drivers/STM32U5xx_HAL_Driver/Src/stm32u5xx_ll_dlyb.o
 .debug_abbrev  0x00002fb3      0x1f4 ./Drivers/STM32U5xx_HAL_Driver/Src/stm32u5xx_ll_sdmmc.o
 .debug_abbrev  0x000031a7      0x2b0 ./Drivers/STM32U5xx_HAL_Driver/Src/stm32u5xx_ll_usb.o

.debug_aranges  0x00000000     0x17f8
 .debug_aranges
                0x00000000       0x78 ./Core/Src/main.o
 .debug_aranges
                0x00000078       0x70 ./Core/Src/stm32u5xx_hal_msp.o
 .debug_aranges
                0x000000e8       0x68 ./Core/Src/stm32u5xx_it.o
 .debug_aranges
                0x00000150       0x28 ./Core/Src/system_stm32u5xx.o
 .debug_aranges
                0x00000178       0x28 ./Core/Startup/startup_stm32u5a9njhxq.o
 .debug_aranges
                0x000001a0      0x1a8 ./Drivers/STM32U5xx_HAL_Driver/Src/stm32u5xx_hal.o
 .debug_aranges
                0x00000348      0x140 ./Drivers/STM32U5xx_HAL_Driver/Src/stm32u5xx_hal_cortex.o
 .debug_aranges
                0x00000488       0xa0 ./Drivers/STM32U5xx_HAL_Driver/Src/stm32u5xx_hal_dma.o
 .debug_aranges
                0x00000528       0x78 ./Drivers/STM32U5xx_HAL_Driver/Src/stm32u5xx_hal_gpio.o
 .debug_aranges
                0x000005a0      0x2a0 ./Drivers/STM32U5xx_HAL_Driver/Src/stm32u5xx_hal_i2c.o
 .debug_aranges
                0x00000840       0x58 ./Drivers/STM32U5xx_HAL_Driver/Src/stm32u5xx_hal_i2c_ex.o
 .debug_aranges
                0x00000898       0xa8 ./Drivers/STM32U5xx_HAL_Driver/Src/stm32u5xx_hal_icache.o
 .debug_aranges
                0x00000940      0x1b0 ./Drivers/STM32U5xx_HAL_Driver/Src/stm32u5xx_hal_mmc.o
 .debug_aranges
                0x00000af0      0x198 ./Drivers/STM32U5xx_HAL_Driver/Src/stm32u5xx_hal_ospi.o
 .debug_aranges
                0x00000c88      0x140 ./Drivers/STM32U5xx_HAL_Driver/Src/stm32u5xx_hal_pcd.o
 .debug_aranges
                0x00000dc8       0x60 ./Drivers/STM32U5xx_HAL_Driver/Src/stm32u5xx_hal_pcd_ex.o
 .debug_aranges
                0x00000e28      0x230 ./Drivers/STM32U5xx_HAL_Driver/Src/stm32u5xx_hal_pwr_ex.o
 .debug_aranges
                0x00001058       0xa8 ./Drivers/STM32U5xx_HAL_Driver/Src/stm32u5xx_hal_rcc.o
 .debug_aranges
                0x00001100      0x160 ./Drivers/STM32U5xx_HAL_Driver/Src/stm32u5xx_hal_rcc_ex.o
 .debug_aranges
                0x00001260      0x1c0 ./Drivers/STM32U5xx_HAL_Driver/Src/stm32u5xx_hal_xspi.o
 .debug_aranges
                0x00001420       0x30 ./Drivers/STM32U5xx_HAL_Driver/Src/stm32u5xx_ll_dlyb.o
 .debug_aranges
                0x00001450      0x208 ./Drivers/STM32U5xx_HAL_Driver/Src/stm32u5xx_ll_sdmmc.o
 .debug_aranges
                0x00001658      0x1a0 ./Drivers/STM32U5xx_HAL_Driver/Src/stm32u5xx_ll_usb.o

.debug_rnglists
                0x00000000     0x1279
 .debug_rnglists
                0x00000000       0x5a ./Core/Src/main.o
 .debug_rnglists
                0x0000005a       0x54 ./Core/Src/stm32u5xx_hal_msp.o
 .debug_rnglists
                0x000000ae       0x49 ./Core/Src/stm32u5xx_it.o
 .debug_rnglists
                0x000000f7       0x1a ./Core/Src/system_stm32u5xx.o
 .debug_rnglists
                0x00000111       0x19 ./Core/Startup/startup_stm32u5a9njhxq.o
 .debug_rnglists
                0x0000012a      0x13b ./Drivers/STM32U5xx_HAL_Driver/Src/stm32u5xx_hal.o
 .debug_rnglists
                0x00000265       0xec ./Drivers/STM32U5xx_HAL_Driver/Src/stm32u5xx_hal_cortex.o
 .debug_rnglists
                0x00000351       0x7e ./Drivers/STM32U5xx_HAL_Driver/Src/stm32u5xx_hal_dma.o
 .debug_rnglists
                0x000003cf       0x5a ./Drivers/STM32U5xx_HAL_Driver/Src/stm32u5xx_hal_gpio.o
 .debug_rnglists
                0x00000429      0x228 ./Drivers/STM32U5xx_HAL_Driver/Src/stm32u5xx_hal_i2c.o
 .debug_rnglists
                0x00000651       0x43 ./Drivers/STM32U5xx_HAL_Driver/Src/stm32u5xx_hal_i2c_ex.o
 .debug_rnglists
                0x00000694       0x7a ./Drivers/STM32U5xx_HAL_Driver/Src/stm32u5xx_hal_icache.o
 .debug_rnglists
                0x0000070e      0x160 ./Drivers/STM32U5xx_HAL_Driver/Src/stm32u5xx_hal_mmc.o
 .debug_rnglists
                0x0000086e      0x142 ./Drivers/STM32U5xx_HAL_Driver/Src/stm32u5xx_hal_ospi.o
 .debug_rnglists
                0x000009b0       0xf4 ./Drivers/STM32U5xx_HAL_Driver/Src/stm32u5xx_hal_pcd.o
 .debug_rnglists
                0x00000aa4       0x45 ./Drivers/STM32U5xx_HAL_Driver/Src/stm32u5xx_hal_pcd_ex.o
 .debug_rnglists
                0x00000ae9      0x1aa ./Drivers/STM32U5xx_HAL_Driver/Src/stm32u5xx_hal_pwr_ex.o
 .debug_rnglists
                0x00000c93       0x7f ./Drivers/STM32U5xx_HAL_Driver/Src/stm32u5xx_hal_rcc.o
 .debug_rnglists
                0x00000d12      0x113 ./Drivers/STM32U5xx_HAL_Driver/Src/stm32u5xx_hal_rcc_ex.o
 .debug_rnglists
                0x00000e25      0x164 ./Drivers/STM32U5xx_HAL_Driver/Src/stm32u5xx_hal_xspi.o
 .debug_rnglists
                0x00000f89       0x20 ./Drivers/STM32U5xx_HAL_Driver/Src/stm32u5xx_ll_dlyb.o
 .debug_rnglists
                0x00000fa9      0x18a ./Drivers/STM32U5xx_HAL_Driver/Src/stm32u5xx_ll_sdmmc.o
 .debug_rnglists
                0x00001133      0x146 ./Drivers/STM32U5xx_HAL_Driver/Src/stm32u5xx_ll_usb.o

.debug_macro    0x00000000    0x3ed2e
 .debug_macro   0x00000000      0x2e6 ./Core/Src/main.o
 .debug_macro   0x000002e6      0xade ./Core/Src/main.o
 .debug_macro   0x00000dc4      0x213 ./Core/Src/main.o
 .debug_macro   0x00000fd7       0x2e ./Core/Src/main.o
 .debug_macro   0x00001005       0x42 ./Core/Src/main.o
 .debug_macro   0x00001047       0x22 ./Core/Src/main.o
 .debug_macro   0x00001069       0x8e ./Core/Src/main.o
 .debug_macro   0x000010f7       0x51 ./Core/Src/main.o
 .debug_macro   0x00001148      0x103 ./Core/Src/main.o
 .debug_macro   0x0000124b       0x6a ./Core/Src/main.o
 .debug_macro   0x000012b5      0x1df ./Core/Src/main.o
 .debug_macro   0x00001494       0x1c ./Core/Src/main.o
 .debug_macro   0x000014b0       0x29 ./Core/Src/main.o
 .debug_macro   0x000014d9       0xfb ./Core/Src/main.o
 .debug_macro   0x000015d4     0x1685 ./Core/Src/main.o
 .debug_macro   0x00002c59       0x5e ./Core/Src/main.o
 .debug_macro   0x00002cb7    0x2c8d8 ./Core/Src/main.o
 .debug_macro   0x0002f58f       0x6d ./Core/Src/main.o
 .debug_macro   0x0002f5fc     0x393e ./Core/Src/main.o
 .debug_macro   0x00032f3a      0x190 ./Core/Src/main.o
 .debug_macro   0x000330ca       0x61 ./Core/Src/main.o
 .debug_macro   0x0003312b       0x2a ./Core/Src/main.o
 .debug_macro   0x00033155       0x43 ./Core/Src/main.o
 .debug_macro   0x00033198       0x34 ./Core/Src/main.o
 .debug_macro   0x000331cc      0x370 ./Core/Src/main.o
 .debug_macro   0x0003353c       0x16 ./Core/Src/main.o
 .debug_macro   0x00033552       0x4a ./Core/Src/main.o
 .debug_macro   0x0003359c       0x34 ./Core/Src/main.o
 .debug_macro   0x000335d0       0x10 ./Core/Src/main.o
 .debug_macro   0x000335e0       0x58 ./Core/Src/main.o
 .debug_macro   0x00033638       0x8e ./Core/Src/main.o
 .debug_macro   0x000336c6       0x1c ./Core/Src/main.o
 .debug_macro   0x000336e2      0x185 ./Core/Src/main.o
 .debug_macro   0x00033867      0x19b ./Core/Src/main.o
 .debug_macro   0x00033a02       0x5d ./Core/Src/main.o
 .debug_macro   0x00033a5f     0x1e2d ./Core/Src/main.o
 .debug_macro   0x0003588c      0x948 ./Core/Src/main.o
 .debug_macro   0x000361d4      0x166 ./Core/Src/main.o
 .debug_macro   0x0003633a      0x2f4 ./Core/Src/main.o
 .debug_macro   0x0003662e       0xc9 ./Core/Src/main.o
 .debug_macro   0x000366f7      0x5eb ./Core/Src/main.o
 .debug_macro   0x00036ce2      0x494 ./Core/Src/main.o
 .debug_macro   0x00037176       0xd6 ./Core/Src/main.o
 .debug_macro   0x0003724c      0x1cd ./Core/Src/main.o
 .debug_macro   0x00037419      0x432 ./Core/Src/main.o
 .debug_macro   0x0003784b       0x95 ./Core/Src/main.o
 .debug_macro   0x000378e0      0x11c ./Core/Src/main.o
 .debug_macro   0x000379fc      0xa0c ./Core/Src/main.o
 .debug_macro   0x00038408      0x296 ./Core/Src/main.o
 .debug_macro   0x0003869e       0x28 ./Core/Src/main.o
 .debug_macro   0x000386c6       0x12 ./Core/Src/main.o
 .debug_macro   0x000386d8      0x23a ./Core/Src/main.o
 .debug_macro   0x00038912      0x123 ./Core/Src/main.o
 .debug_macro   0x00038a35       0xa5 ./Core/Src/main.o
 .debug_macro   0x00038ada      0x52c ./Core/Src/main.o
 .debug_macro   0x00039006      0x5d5 ./Core/Src/main.o
 .debug_macro   0x000395db       0x1c ./Core/Src/main.o
 .debug_macro   0x000395f7      0x520 ./Core/Src/main.o
 .debug_macro   0x00039b17      0x293 ./Core/Src/main.o
 .debug_macro   0x00039daa       0x82 ./Core/Src/main.o
 .debug_macro   0x00039e2c      0x1d3 ./Core/Src/main.o
 .debug_macro   0x00039fff      0x76b ./Core/Src/main.o
 .debug_macro   0x0003a76a      0x448 ./Core/Src/main.o
 .debug_macro   0x0003abb2       0x94 ./Core/Src/main.o
 .debug_macro   0x0003ac46      0x2e6 ./Core/Src/stm32u5xx_hal_msp.o
 .debug_macro   0x0003af2c      0x2f0 ./Core/Src/stm32u5xx_it.o
 .debug_macro   0x0003b21c      0x2de ./Core/Src/system_stm32u5xx.o
 .debug_macro   0x0003b4fa      0x2fb ./Drivers/STM32U5xx_HAL_Driver/Src/stm32u5xx_hal.o
 .debug_macro   0x0003b7f5      0x2d7 ./Drivers/STM32U5xx_HAL_Driver/Src/stm32u5xx_hal_cortex.o
 .debug_macro   0x0003bacc      0x2d8 ./Drivers/STM32U5xx_HAL_Driver/Src/stm32u5xx_hal_dma.o
 .debug_macro   0x0003bda4      0x30c ./Drivers/STM32U5xx_HAL_Driver/Src/stm32u5xx_hal_gpio.o
 .debug_macro   0x0003c0b0      0x3a3 ./Drivers/STM32U5xx_HAL_Driver/Src/stm32u5xx_hal_i2c.o
 .debug_macro   0x0003c453      0x2d7 ./Drivers/STM32U5xx_HAL_Driver/Src/stm32u5xx_hal_i2c_ex.o
 .debug_macro   0x0003c72a      0x309 ./Drivers/STM32U5xx_HAL_Driver/Src/stm32u5xx_hal_icache.o
 .debug_macro   0x0003ca33      0x34f ./Drivers/STM32U5xx_HAL_Driver/Src/stm32u5xx_hal_mmc.o
 .debug_macro   0x0003cd82      0x31e ./Drivers/STM32U5xx_HAL_Driver/Src/stm32u5xx_hal_ospi.o
 .debug_macro   0x0003d0a0      0x2e3 ./Drivers/STM32U5xx_HAL_Driver/Src/stm32u5xx_hal_pcd.o
 .debug_macro   0x0003d383      0x2d7 ./Drivers/STM32U5xx_HAL_Driver/Src/stm32u5xx_hal_pcd_ex.o
 .debug_macro   0x0003d65a      0x309 ./Drivers/STM32U5xx_HAL_Driver/Src/stm32u5xx_hal_pwr_ex.o
 .debug_macro   0x0003d963      0x3dd ./Drivers/STM32U5xx_HAL_Driver/Src/stm32u5xx_hal_rcc.o
 .debug_macro   0x0003dd40      0x438 ./Drivers/STM32U5xx_HAL_Driver/Src/stm32u5xx_hal_rcc_ex.o
 .debug_macro   0x0003e178      0x31e ./Drivers/STM32U5xx_HAL_Driver/Src/stm32u5xx_hal_xspi.o
 .debug_macro   0x0003e496      0x2e9 ./Drivers/STM32U5xx_HAL_Driver/Src/stm32u5xx_ll_dlyb.o
 .debug_macro   0x0003e77f      0x2d8 ./Drivers/STM32U5xx_HAL_Driver/Src/stm32u5xx_ll_sdmmc.o
 .debug_macro   0x0003ea57      0x2d7 ./Drivers/STM32U5xx_HAL_Driver/Src/stm32u5xx_ll_usb.o

.debug_line     0x00000000    0x1e641
 .debug_line    0x00000000      0xc88 ./Core/Src/main.o
 .debug_line    0x00000c88      0xc27 ./Core/Src/stm32u5xx_hal_msp.o
 .debug_line    0x000018af      0x9f5 ./Core/Src/stm32u5xx_it.o
 .debug_line    0x000022a4      0xa32 ./Core/Src/system_stm32u5xx.o
 .debug_line    0x00002cd6       0x79 ./Core/Startup/startup_stm32u5a9njhxq.o
 .debug_line    0x00002d4f      0xef4 ./Drivers/STM32U5xx_HAL_Driver/Src/stm32u5xx_hal.o
 .debug_line    0x00003c43      0xf81 ./Drivers/STM32U5xx_HAL_Driver/Src/stm32u5xx_hal_cortex.o
 .debug_line    0x00004bc4     0x13b3 ./Drivers/STM32U5xx_HAL_Driver/Src/stm32u5xx_hal_dma.o
 .debug_line    0x00005f77      0xed0 ./Drivers/STM32U5xx_HAL_Driver/Src/stm32u5xx_hal_gpio.o
 .debug_line    0x00006e47     0x3c3c ./Drivers/STM32U5xx_HAL_Driver/Src/stm32u5xx_hal_i2c.o
 .debug_line    0x0000aa83      0xb7e ./Drivers/STM32U5xx_HAL_Driver/Src/stm32u5xx_hal_i2c_ex.o
 .debug_line    0x0000b601      0xc24 ./Drivers/STM32U5xx_HAL_Driver/Src/stm32u5xx_hal_icache.o
 .debug_line    0x0000c225     0x363a ./Drivers/STM32U5xx_HAL_Driver/Src/stm32u5xx_hal_mmc.o
 .debug_line    0x0000f85f     0x1c50 ./Drivers/STM32U5xx_HAL_Driver/Src/stm32u5xx_hal_ospi.o
 .debug_line    0x000114af     0x1600 ./Drivers/STM32U5xx_HAL_Driver/Src/stm32u5xx_hal_pcd.o
 .debug_line    0x00012aaf      0xb1a ./Drivers/STM32U5xx_HAL_Driver/Src/stm32u5xx_hal_pcd_ex.o
 .debug_line    0x000135c9     0x13c9 ./Drivers/STM32U5xx_HAL_Driver/Src/stm32u5xx_hal_pwr_ex.o
 .debug_line    0x00014992     0x17be ./Drivers/STM32U5xx_HAL_Driver/Src/stm32u5xx_hal_rcc.o
 .debug_line    0x00016150     0x2686 ./Drivers/STM32U5xx_HAL_Driver/Src/stm32u5xx_hal_rcc_ex.o
 .debug_line    0x000187d6     0x1ff0 ./Drivers/STM32U5xx_HAL_Driver/Src/stm32u5xx_hal_xspi.o
 .debug_line    0x0001a7c6      0xa20 ./Drivers/STM32U5xx_HAL_Driver/Src/stm32u5xx_ll_dlyb.o
 .debug_line    0x0001b1e6     0x152b ./Drivers/STM32U5xx_HAL_Driver/Src/stm32u5xx_ll_sdmmc.o
 .debug_line    0x0001c711     0x1f30 ./Drivers/STM32U5xx_HAL_Driver/Src/stm32u5xx_ll_usb.o

.debug_str      0x00000000   0x17d157
 .debug_str     0x00000000   0x17d157 ./Core/Src/main.o
                             0x172ab2 (size before relaxing)
 .debug_str     0x0017d157   0x173368 ./Core/Src/stm32u5xx_hal_msp.o
 .debug_str     0x0017d157   0x17191a ./Core/Src/stm32u5xx_it.o
 .debug_str     0x0017d157   0x171587 ./Core/Src/system_stm32u5xx.o
 .debug_str     0x0017d157       0x6e ./Core/Startup/startup_stm32u5a9njhxq.o
 .debug_str     0x0017d157   0x17279c ./Drivers/STM32U5xx_HAL_Driver/Src/stm32u5xx_hal.o
 .debug_str     0x0017d157   0x1722a1 ./Drivers/STM32U5xx_HAL_Driver/Src/stm32u5xx_hal_cortex.o
 .debug_str     0x0017d157   0x17190b ./Drivers/STM32U5xx_HAL_Driver/Src/stm32u5xx_hal_dma.o
 .debug_str     0x0017d157   0x1715ac ./Drivers/STM32U5xx_HAL_Driver/Src/stm32u5xx_hal_gpio.o
 .debug_str     0x0017d157   0x1727d5 ./Drivers/STM32U5xx_HAL_Driver/Src/stm32u5xx_hal_i2c.o
 .debug_str     0x0017d157   0x1719bd ./Drivers/STM32U5xx_HAL_Driver/Src/stm32u5xx_hal_i2c_ex.o
 .debug_str     0x0017d157   0x1718a9 ./Drivers/STM32U5xx_HAL_Driver/Src/stm32u5xx_hal_icache.o
 .debug_str     0x0017d157   0x1722f6 ./Drivers/STM32U5xx_HAL_Driver/Src/stm32u5xx_hal_mmc.o
 .debug_str     0x0017d157   0x1722e3 ./Drivers/STM32U5xx_HAL_Driver/Src/stm32u5xx_hal_ospi.o
 .debug_str     0x0017d157   0x171e70 ./Drivers/STM32U5xx_HAL_Driver/Src/stm32u5xx_hal_pcd.o
 .debug_str     0x0017d157   0x17180e ./Drivers/STM32U5xx_HAL_Driver/Src/stm32u5xx_hal_pcd_ex.o
 .debug_str     0x0017d157   0x171dcb ./Drivers/STM32U5xx_HAL_Driver/Src/stm32u5xx_hal_pwr_ex.o
 .debug_str     0x0017d157   0x172d20 ./Drivers/STM32U5xx_HAL_Driver/Src/stm32u5xx_hal_rcc.o
 .debug_str     0x0017d157   0x174521 ./Drivers/STM32U5xx_HAL_Driver/Src/stm32u5xx_hal_rcc_ex.o
 .debug_str     0x0017d157   0x17240f ./Drivers/STM32U5xx_HAL_Driver/Src/stm32u5xx_hal_xspi.o
 .debug_str     0x0017d157   0x1712c3 ./Drivers/STM32U5xx_HAL_Driver/Src/stm32u5xx_ll_dlyb.o
 .debug_str     0x0017d157   0x171aff ./Drivers/STM32U5xx_HAL_Driver/Src/stm32u5xx_ll_sdmmc.o
 .debug_str     0x0017d157   0x171d6a ./Drivers/STM32U5xx_HAL_Driver/Src/stm32u5xx_ll_usb.o

.comment        0x00000000       0x43
 .comment       0x00000000       0x43 ./Core/Src/main.o
                                 0x44 (size before relaxing)
 .comment       0x00000043       0x44 ./Core/Src/stm32u5xx_hal_msp.o
 .comment       0x00000043       0x44 ./Core/Src/stm32u5xx_it.o
 .comment       0x00000043       0x44 ./Core/Src/system_stm32u5xx.o
 .comment       0x00000043       0x44 ./Drivers/STM32U5xx_HAL_Driver/Src/stm32u5xx_hal.o
 .comment       0x00000043       0x44 ./Drivers/STM32U5xx_HAL_Driver/Src/stm32u5xx_hal_cortex.o
 .comment       0x00000043       0x44 ./Drivers/STM32U5xx_HAL_Driver/Src/stm32u5xx_hal_dma.o
 .comment       0x00000043       0x44 ./Drivers/STM32U5xx_HAL_Driver/Src/stm32u5xx_hal_gpio.o
 .comment       0x00000043       0x44 ./Drivers/STM32U5xx_HAL_Driver/Src/stm32u5xx_hal_i2c.o
 .comment       0x00000043       0x44 ./Drivers/STM32U5xx_HAL_Driver/Src/stm32u5xx_hal_i2c_ex.o
 .comment       0x00000043       0x44 ./Drivers/STM32U5xx_HAL_Driver/Src/stm32u5xx_hal_icache.o
 .comment       0x00000043       0x44 ./Drivers/STM32U5xx_HAL_Driver/Src/stm32u5xx_hal_mmc.o
 .comment       0x00000043       0x44 ./Drivers/STM32U5xx_HAL_Driver/Src/stm32u5xx_hal_ospi.o
 .comment       0x00000043       0x44 ./Drivers/STM32U5xx_HAL_Driver/Src/stm32u5xx_hal_pcd.o
 .comment       0x00000043       0x44 ./Drivers/STM32U5xx_HAL_Driver/Src/stm32u5xx_hal_pcd_ex.o
 .comment       0x00000043       0x44 ./Drivers/STM32U5xx_HAL_Driver/Src/stm32u5xx_hal_pwr_ex.o
 .comment       0x00000043       0x44 ./Drivers/STM32U5xx_HAL_Driver/Src/stm32u5xx_hal_rcc.o
 .comment       0x00000043       0x44 ./Drivers/STM32U5xx_HAL_Driver/Src/stm32u5xx_hal_rcc_ex.o
 .comment       0x00000043       0x44 ./Drivers/STM32U5xx_HAL_Driver/Src/stm32u5xx_hal_xspi.o
 .comment       0x00000043       0x44 ./Drivers/STM32U5xx_HAL_Driver/Src/stm32u5xx_ll_dlyb.o
 .comment       0x00000043       0x44 ./Drivers/STM32U5xx_HAL_Driver/Src/stm32u5xx_ll_sdmmc.o
 .comment       0x00000043       0x44 ./Drivers/STM32U5xx_HAL_Driver/Src/stm32u5xx_ll_usb.o

.debug_frame    0x00000000     0x670c
 .debug_frame   0x00000000      0x17c ./Core/Src/main.o
 .debug_frame   0x0000017c      0x1b0 ./Core/Src/stm32u5xx_hal_msp.o
 .debug_frame   0x0000032c      0x120 ./Core/Src/stm32u5xx_it.o
 .debug_frame   0x0000044c       0x58 ./Core/Src/system_stm32u5xx.o
 .debug_frame   0x000004a4      0x6b8 ./Drivers/STM32U5xx_HAL_Driver/Src/stm32u5xx_hal.o
 .debug_frame   0x00000b5c      0x560 ./Drivers/STM32U5xx_HAL_Driver/Src/stm32u5xx_hal_cortex.o
 .debug_frame   0x000010bc      0x2a0 ./Drivers/STM32U5xx_HAL_Driver/Src/stm32u5xx_hal_dma.o
 .debug_frame   0x0000135c      0x1ec ./Drivers/STM32U5xx_HAL_Driver/Src/stm32u5xx_hal_gpio.o
 .debug_frame   0x00001548      0xc44 ./Drivers/STM32U5xx_HAL_Driver/Src/stm32u5xx_hal_i2c.o
 .debug_frame   0x0000218c      0x150 ./Drivers/STM32U5xx_HAL_Driver/Src/stm32u5xx_hal_i2c_ex.o
 .debug_frame   0x000022dc      0x298 ./Drivers/STM32U5xx_HAL_Driver/Src/stm32u5xx_hal_icache.o
 .debug_frame   0x00002574      0x7b0 ./Drivers/STM32U5xx_HAL_Driver/Src/stm32u5xx_hal_mmc.o
 .debug_frame   0x00002d24      0x768 ./Drivers/STM32U5xx_HAL_Driver/Src/stm32u5xx_hal_ospi.o
 .debug_frame   0x0000348c      0x590 ./Drivers/STM32U5xx_HAL_Driver/Src/stm32u5xx_hal_pcd.o
 .debug_frame   0x00003a1c      0x174 ./Drivers/STM32U5xx_HAL_Driver/Src/stm32u5xx_hal_pcd_ex.o
 .debug_frame   0x00003b90      0x910 ./Drivers/STM32U5xx_HAL_Driver/Src/stm32u5xx_hal_pwr_ex.o
 .debug_frame   0x000044a0      0x288 ./Drivers/STM32U5xx_HAL_Driver/Src/stm32u5xx_hal_rcc.o
 .debug_frame   0x00004728      0x5f4 ./Drivers/STM32U5xx_HAL_Driver/Src/stm32u5xx_hal_rcc_ex.o
 .debug_frame   0x00004d1c      0x830 ./Drivers/STM32U5xx_HAL_Driver/Src/stm32u5xx_hal_xspi.o
 .debug_frame   0x0000554c       0x84 ./Drivers/STM32U5xx_HAL_Driver/Src/stm32u5xx_ll_dlyb.o
 .debug_frame   0x000055d0      0x930 ./Drivers/STM32U5xx_HAL_Driver/Src/stm32u5xx_ll_sdmmc.o
 .debug_frame   0x00005f00      0x7c0 ./Drivers/STM32U5xx_HAL_Driver/Src/stm32u5xx_ll_usb.o
 .debug_frame   0x000066c0       0x20 D:/Develop/STM32CubeIDE/STM32CubeIDE/plugins/com.st.stm32cube.ide.mcu.externaltools.gnu-tools-for-stm32.13.3.rel1.win32_1.0.0.202411081344/tools/bin/../lib/gcc/arm-none-eabi/13.3.1/../../../../arm-none-eabi/lib/thumb/v8-m.main+fp/hard\libc_nano.a(libc_a-memset.o)
 .debug_frame   0x000066e0       0x2c D:/Develop/STM32CubeIDE/STM32CubeIDE/plugins/com.st.stm32cube.ide.mcu.externaltools.gnu-tools-for-stm32.13.3.rel1.win32_1.0.0.202411081344/tools/bin/../lib/gcc/arm-none-eabi/13.3.1/../../../../arm-none-eabi/lib/thumb/v8-m.main+fp/hard\libc_nano.a(libc_a-init.o)

.debug_line_str
                0x00000000       0x52
 .debug_line_str
                0x00000000       0x52 ./Core/Startup/startup_stm32u5a9njhxq.o
