../Core/Src/main.c:83:5:main	8	static
../Core/Src/main.c:137:6:SystemClock_Config	128	static
../Core/Src/main.c:192:13:SystemPower_Config	8	static
../Core/Src/main.c:216:13:MX_HSPI1_Init	8	static
../Core/Src/main.c:257:13:MX_I2C3_Init	8	static
../Core/Src/main.c:305:13:MX_I2C5_Init	8	static
../Core/Src/main.c:353:13:MX_ICACHE_Init	8	static
../Core/Src/main.c:385:13:MX_OCTOSPI1_Init	40	static
../Core/Src/main.c:445:13:MX_SDMMC1_MMC_Init	8	static
../Core/Src/main.c:476:13:MX_USB_OTG_HS_PCD_Init	8	static
../Core/Src/main.c:511:13:MX_GPIO_Init	64	static
../Core/Src/main.c:606:6:Error_Handler	4	static,ignoring_inline_asm
